[32m[INFO][0m 2026-07-05 17:16:54 - ๐ ๆฅๅฟๆไปถ: /home/runner/work/rules/rules/sing-box/logs/merge-20260705-171654-3305.log
[32m[INFO][0m 2026-07-05 17:16:54 - ๐ฅ๏ธ  ็ณป็ปไฟกๆฏ: Linux runnervmkkn4f 6.17.0-1018-azure #18~24.04.1-Ubuntu SMP Thu May 28 16:39:11 UTC 2026 x86_64 x86_64 x86_64 GNU/Linux
[32m[INFO][0m 2026-07-05 17:16:54 - ๐ Bash ็ๆฌ: 5.2.21(1)-release
[32m[INFO][0m 2026-07-05 17:16:54 - ==========================================
[32m[INFO][0m 2026-07-05 17:16:54 - ๐ Sing-box ่งๅ้ๅๅนถ่ๆฌ v2.3.0
[32m[INFO][0m 2026-07-05 17:16:54 - ==========================================
[32m[INFO][0m 2026-07-05 17:16:54 - ๅผๅงๆถ้ด: 2026-07-05 17:16:54
[32m[INFO][0m 2026-07-05 17:16:54 - 
[32m[INFO][0m 2026-07-05 17:16:54 - ๐ง === ็ฌฌ0ๆญฅ: ๅๅงๅ็ฏๅข ===
[32m[INFO][0m 2026-07-05 17:16:54 - โ ็ฃ็็ฉบ้ดๆฃๆฅ้่ฟ: 89458MB ๅฏ็จ
[32m[INFO][0m 2026-07-05 17:16:54 - โ ๆฃๆตๅฐ flock,ๅฏ็จๆไปถ้ไฟๆค
[32m[INFO][0m 2026-07-05 17:16:54 - โ ไฝฟ็จ curl ไธ่ฝฝ
[32m[INFO][0m 2026-07-05 17:16:54 - ๐ ๆฃๆฅไพ่ต...
[32m[INFO][0m 2026-07-05 17:16:54 -   โ sing-box: sing-box version 1.12.12
[32m[INFO][0m 2026-07-05 17:16:54 -   โ jq: jq-1.7
[32m[INFO][0m 2026-07-05 17:16:54 -   โ python3: Python 3.12.13
[32m[INFO][0m 2026-07-05 17:16:54 - โ ๆๆไพ่ตๆปก่ถณ
[32m[INFO][0m 2026-07-05 17:16:54 - โ ็ฎๅฝ็ปๆๅทฒๅๅปบ
[32m[INFO][0m 2026-07-05 17:16:54 - ๐ ็ๆ Python ๅค็่ๆฌ...
[32m[INFO][0m 2026-07-05 17:16:54 - โ Python ่ๆฌๅทฒ็ๆ
[32m[INFO][0m 2026-07-05 17:16:54 - ๐ ๅๅงๅ URL ้็ฝฎ...
[32m[INFO][0m 2026-07-05 17:16:54 - โ URL ้็ฝฎๅฎๆ
[32m[INFO][0m 2026-07-05 17:16:54 - ๐ ๏ธ  === ๅค็ SRS ๆบ (ไธ่ฝฝ -> ๅ็ผ่ฏ -> ๆณจๅฅ) ===
[32m[INFO][0m 2026-07-05 17:16:54 - 
[32m[INFO][0m 2026-07-05 17:16:54 - โโโโโโโโโโโโโโโโโโโโโโโโโโโโโโโโโโ
[32m[INFO][0m 2026-07-05 17:16:54 -   โญ๏ธ  ่ทณ่ฟ Group: ads (ๆช้็ฝฎ SRS ๆบ)
[32m[INFO][0m 2026-07-05 17:16:54 - 
[32m[INFO][0m 2026-07-05 17:16:54 - โโโโโโโโโโโโโโโโโโโโโโโโโโโโโโโโโโ
[32m[INFO][0m 2026-07-05 17:16:54 -   โญ๏ธ  ่ทณ่ฟ Group: games_cn (ๆช้็ฝฎ SRS ๆบ)
[32m[INFO][0m 2026-07-05 17:16:54 - 
[32m[INFO][0m 2026-07-05 17:16:54 - โโโโโโโโโโโโโโโโโโโโโโโโโโโโโโโโโโ
[32m[INFO][0m 2026-07-05 17:16:54 -   โญ๏ธ  ่ทณ่ฟ Group: games_noncn (ๆช้็ฝฎ SRS ๆบ)
[32m[INFO][0m 2026-07-05 17:16:54 - 
[32m[INFO][0m 2026-07-05 17:16:54 - โโโโโโโโโโโโโโโโโโโโโโโโโโโโโโโโโโ
[32m[INFO][0m 2026-07-05 17:16:54 -   โญ๏ธ  ่ทณ่ฟ Group: ai_cn (ๆช้็ฝฎ SRS ๆบ)
[32m[INFO][0m 2026-07-05 17:16:54 - 
[32m[INFO][0m 2026-07-05 17:16:54 - โโโโโโโโโโโโโโโโโโโโโโโโโโโโโโโโโโ
[32m[INFO][0m 2026-07-05 17:16:54 -   โญ๏ธ  ่ทณ่ฟ Group: ai_noncn (ๆช้็ฝฎ SRS ๆบ)
[32m[INFO][0m 2026-07-05 17:16:54 - 
[32m[INFO][0m 2026-07-05 17:16:54 - โโโโโโโโโโโโโโโโโโโโโโโโโโโโโโโโโโ
[32m[INFO][0m 2026-07-05 17:16:54 -   โญ๏ธ  ่ทณ่ฟ Group: media (ๆช้็ฝฎ SRS ๆบ)
[32m[INFO][0m 2026-07-05 17:16:54 - 
[32m[INFO][0m 2026-07-05 17:16:54 - โโโโโโโโโโโโโโโโโโโโโโโโโโโโโโโโโโ
[32m[INFO][0m 2026-07-05 17:16:54 -   ๐ฆ Processing Group: network_cn (1 SRS ๆไปถ)
[32m[INFO][0m 2026-07-05 17:16:54 -     โณ ็ญๅพๆๅๆนๆฌกๅฎๆ...
[32m[INFO][0m 2026-07-05 17:16:54 -     โ [1/1] ไธ่ฝฝ: geosite-cn.srs
[32m[INFO][0m 2026-07-05 17:16:55 -     ๐จ ๅ็ผ่ฏ: srs-network_cn-geosite-cn-1783271814934203119.srs
[32m[INFO][0m 2026-07-05 17:16:55 -     โ ๅฐฑ็ปช: geosite-cn.srs
[32m[INFO][0m 2026-07-05 17:16:55 -   โ ็ป network_cn ๅฎๆ: ๆๅ 1/1
[32m[INFO][0m 2026-07-05 17:16:55 - ๐งน ๆง่กๆปๆธ็...
[32m[INFO][0m 2026-07-05 17:16:55 - ๐งน ๆธ็ 2 ไธชไธดๆถๆไปถ...
[32m[INFO][0m 2026-07-05 17:16:55 - ๐งน ๆธ็ไธดๆถ็ฎๅฝ: /home/runner/work/rules/rules/sing-box/temp
