[32m[INFO][0m 2026-08-10 17:06:30 - 📋 日志文件: /home/runner/work/rules/rules/sing-box/logs/merge-20260810-170630-3489.log
[32m[INFO][0m 2026-08-10 17:06:30 - 🖥️  系统信息: Linux runnervmvrwv9 6.17.0-1020-azure #20~24.04.1-Ubuntu SMP Fri Jun 19 20:09:14 UTC 2026 x86_64 x86_64 x86_64 GNU/Linux
[32m[INFO][0m 2026-08-10 17:06:30 - 🐚 Bash 版本: 5.2.21(1)-release
[32m[INFO][0m 2026-08-10 17:06:30 - ==========================================
[32m[INFO][0m 2026-08-10 17:06:30 - 🚀 Sing-box 规则集合并脚本 v2.3.0
[32m[INFO][0m 2026-08-10 17:06:30 - ==========================================
[32m[INFO][0m 2026-08-10 17:06:30 - 开始时间: 2026-08-10 17:06:30
[32m[INFO][0m 2026-08-10 17:06:30 - 
[32m[INFO][0m 2026-08-10 17:06:30 - 🔧 === 第0步: 初始化环境 ===
[32m[INFO][0m 2026-08-10 17:06:30 - ✅ 磁盘空间检查通过: 88049MB 可用
[32m[INFO][0m 2026-08-10 17:06:30 - ✅ 检测到 flock,启用文件锁保护
[32m[INFO][0m 2026-08-10 17:06:30 - ✅ 使用 curl 下载
[32m[INFO][0m 2026-08-10 17:06:30 - 🔍 检查依赖...
[32m[INFO][0m 2026-08-10 17:06:31 -   ✓ sing-box: sing-box version 1.12.12
[32m[INFO][0m 2026-08-10 17:06:31 -   ✓ jq: jq-1.7
[32m[INFO][0m 2026-08-10 17:06:31 -   ✓ python3: Python 3.12.13
[32m[INFO][0m 2026-08-10 17:06:31 - ✅ 所有依赖满足
[32m[INFO][0m 2026-08-10 17:06:31 - ✅ 目录结构已创建
[32m[INFO][0m 2026-08-10 17:06:31 - 🐍 生成 Python 处理脚本...
[32m[INFO][0m 2026-08-10 17:06:31 - ✅ Python 脚本已生成
[32m[INFO][0m 2026-08-10 17:06:31 - 📋 初始化 URL 配置...
[32m[INFO][0m 2026-08-10 17:06:31 - ✅ URL 配置完成
[32m[INFO][0m 2026-08-10 17:06:31 - 🛠️  === 处理 SRS 源 (下载 -> 反编译 -> 注入) ===
[32m[INFO][0m 2026-08-10 17:06:31 - 
[32m[INFO][0m 2026-08-10 17:06:31 - ━━━━━━━━━━━━━━━━━━━━━━━━━━━━━━━━━━
[32m[INFO][0m 2026-08-10 17:06:31 -   ⏭️  跳过 Group: ads (未配置 SRS 源)
[32m[INFO][0m 2026-08-10 17:06:31 - 
[32m[INFO][0m 2026-08-10 17:06:31 - ━━━━━━━━━━━━━━━━━━━━━━━━━━━━━━━━━━
[32m[INFO][0m 2026-08-10 17:06:31 -   ⏭️  跳过 Group: games_cn (未配置 SRS 源)
[32m[INFO][0m 2026-08-10 17:06:31 - 
[32m[INFO][0m 2026-08-10 17:06:31 - ━━━━━━━━━━━━━━━━━━━━━━━━━━━━━━━━━━
[32m[INFO][0m 2026-08-10 17:06:31 -   ⏭️  跳过 Group: games_noncn (未配置 SRS 源)
[32m[INFO][0m 2026-08-10 17:06:31 - 
[32m[INFO][0m 2026-08-10 17:06:31 - ━━━━━━━━━━━━━━━━━━━━━━━━━━━━━━━━━━
[32m[INFO][0m 2026-08-10 17:06:31 -   ⏭️  跳过 Group: ai_cn (未配置 SRS 源)
[32m[INFO][0m 2026-08-10 17:06:31 - 
[32m[INFO][0m 2026-08-10 17:06:31 - ━━━━━━━━━━━━━━━━━━━━━━━━━━━━━━━━━━
[32m[INFO][0m 2026-08-10 17:06:31 -   ⏭️  跳过 Group: ai_noncn (未配置 SRS 源)
[32m[INFO][0m 2026-08-10 17:06:31 - 
[32m[INFO][0m 2026-08-10 17:06:31 - ━━━━━━━━━━━━━━━━━━━━━━━━━━━━━━━━━━
[32m[INFO][0m 2026-08-10 17:06:31 -   ⏭️  跳过 Group: media (未配置 SRS 源)
[32m[INFO][0m 2026-08-10 17:06:31 - 
[32m[INFO][0m 2026-08-10 17:06:31 - ━━━━━━━━━━━━━━━━━━━━━━━━━━━━━━━━━━
[32m[INFO][0m 2026-08-10 17:06:31 -   📦 Processing Group: network_cn (1 SRS 文件)
[32m[INFO][0m 2026-08-10 17:06:31 -     ⏳ 等待最后批次完成...
[32m[INFO][0m 2026-08-10 17:06:31 -     ↓ [1/1] 下载: geosite-cn.srs
[32m[INFO][0m 2026-08-10 17:06:31 -     🔨 反编译: srs-network_cn-geosite-cn-1786381591430249430.srs
[32m[INFO][0m 2026-08-10 17:06:32 -     ✅ 就绪: geosite-cn.srs
[32m[INFO][0m 2026-08-10 17:06:32 -   ✅ 组 network_cn 完成: 成功 1/1
[32m[INFO][0m 2026-08-10 17:06:32 - 🧹 执行总清理...
[32m[INFO][0m 2026-08-10 17:06:32 - 🧹 清理 2 个临时文件...
[32m[INFO][0m 2026-08-10 17:06:32 - 🧹 清理临时目录: /home/runner/work/rules/rules/sing-box/temp
