[32m[INFO][0m 2025-11-29 11:15:40 - 📋 日志文件: /home/runner/work/rules/rules/sing-box/logs/merge-20251129-111540-2550.log
[32m[INFO][0m 2025-11-29 11:15:40 - 🖥️  系统信息: Linux runnervmg1sw1 6.11.0-1018-azure #18~24.04.1-Ubuntu SMP Sat Jun 28 04:46:03 UTC 2025 x86_64 x86_64 x86_64 GNU/Linux
[32m[INFO][0m 2025-11-29 11:15:40 - 🐚 Bash 版本: 5.2.21(1)-release
[32m[INFO][0m 2025-11-29 11:15:40 - ==========================================
[32m[INFO][0m 2025-11-29 11:15:40 - 🚀 Sing-box 规则集合并脚本 v2.0.0
[32m[INFO][0m 2025-11-29 11:15:40 - ==========================================
[32m[INFO][0m 2025-11-29 11:15:40 - 开始时间: 2025-11-29 11:15:40
[32m[INFO][0m 2025-11-29 11:15:40 - 
[32m[INFO][0m 2025-11-29 11:15:40 - 🔧 === 第0步: 初始化环境 ===
[32m[INFO][0m 2025-11-29 11:15:40 - ✅ 磁盘空间检查通过: 17923MB 可用
[32m[INFO][0m 2025-11-29 11:15:40 - ✅ 检测到 flock,启用文件锁保护
[32m[INFO][0m 2025-11-29 11:15:40 - ✅ 使用 curl 下载
[32m[INFO][0m 2025-11-29 11:15:40 - 🔍 检查依赖...
[32m[INFO][0m 2025-11-29 11:15:40 -   ✓ sing-box: sing-box version 1.12.12
[32m[INFO][0m 2025-11-29 11:15:40 -   ✓ jq: jq-1.7
[32m[INFO][0m 2025-11-29 11:15:41 -   ✓ python3: Python 3.12.12
[32m[INFO][0m 2025-11-29 11:15:41 - ✅ 所有依赖满足
[32m[INFO][0m 2025-11-29 11:15:41 - ✅ 目录结构已创建
[32m[INFO][0m 2025-11-29 11:15:41 - 🐍 生成 Python 处理脚本...
[32m[INFO][0m 2025-11-29 11:15:41 - ✅ Python 脚本已生成
[32m[INFO][0m 2025-11-29 11:15:41 - 📋 初始化 URL 配置...
[32m[INFO][0m 2025-11-29 11:15:41 - ✅ URL 配置完成
[32m[INFO][0m 2025-11-29 11:15:41 - 
[32m[INFO][0m 2025-11-29 11:15:41 - 📦 === 第1步: 预处理子集文件 ===
[32m[INFO][0m 2025-11-29 11:15:41 - 📊 总计: 12 个子集任务
[36m[进度][0m [1/12] (8%) - geosite-category-games-cn@cn2.json
[36m[进度][0m [2/12] (16%) - geosite-category-games-!cn@!cn.json
[32m[INFO][0m 2025-11-29 11:15:41 - 📦 预处理子集: geosite-category-games-cn@cn2.json
[36m[进度][0m [3/12] (25%) - game-platforms-download@!cn.json
[32m[INFO][0m 2025-11-29 11:15:41 - 📦 预处理子集: geosite-category-games-!cn@!cn.json
[36m[进度][0m [4/12] (33%) - geosite-epicgames@!cn.json
[32m[INFO][0m 2025-11-29 11:15:41 - 📦 预处理子集: game-platforms-download@!cn.json
[36m[进度][0m [5/12] (41%) - geosite-category-ai-cn@cn.json
[32m[INFO][0m 2025-11-29 11:15:41 -   ↓ 下载 base: geosite-category-games-cn.json
[32m[INFO][0m 2025-11-29 11:15:41 -   ↓ 下载 base: geosite-category-games-!cn.json
[32m[INFO][0m 2025-11-29 11:15:41 - 📦 预处理子集: geosite-epicgames@!cn.json
[36m[进度][0m [6/12] (50%) - doubao@cn.json
[32m[INFO][0m 2025-11-29 11:15:41 -   ↓ 下载 base: geosite-category-game-platforms-download.json
[32m[INFO][0m 2025-11-29 11:15:41 - 📦 预处理子集: geosite-category-ai-cn@cn.json
[36m[进度][0m [7/12] (58%) - jetbrains@!cn.json
[36m[进度][0m [8/12] (66%) - geosite-category-social-media-cn@cn.json
[36m[进度][0m [9/12] (75%) - geosite-category-bank-cn@cn.json
[32m[INFO][0m 2025-11-29 11:15:41 - 📦 预处理子集: jetbrains@!cn.json
[36m[进度][0m [10/12] (83%) - geosite-category-dev-cn@cn2.json
[32m[INFO][0m 2025-11-29 11:15:41 - 📦 预处理子集: doubao@cn.json
[32m[INFO][0m 2025-11-29 11:15:41 - 📦 预处理子集: geosite-category-bank-cn@cn.json
[36m[进度][0m [11/12] (91%) - geosite-category-entertainment-cn@cn2.json
[32m[INFO][0m 2025-11-29 11:15:41 - 📦 预处理子集: geosite-category-social-media-cn@cn.json
[32m[INFO][0m 2025-11-29 11:15:41 - 📦 预处理子集: geosite-category-dev-cn@cn2.json
[36m[进度][0m [12/12] (100%) - geosite-category-social-media-!cn@!cn.json
[32m[INFO][0m 2025-11-29 11:15:41 -   ↓ 下载 base: geosite-epicgames.json
[32m[INFO][0m 2025-11-29 11:15:41 - ⏳ 等待最后批次...
[32m[INFO][0m 2025-11-29 11:15:41 -   ↓ 下载 base: geosite-category-ai-cn.json
[32m[INFO][0m 2025-11-29 11:15:41 - 📦 预处理子集: geosite-category-entertainment-cn@cn2.json
[32m[INFO][0m 2025-11-29 11:15:41 -   ↓ 下载 base: geosite-category-bank-cn.json
[32m[INFO][0m 2025-11-29 11:15:41 - 📦 预处理子集: geosite-category-social-media-!cn@!cn.json
[32m[INFO][0m 2025-11-29 11:15:41 -   ↓ 下载 base: geosite-jetbrains.json
[32m[INFO][0m 2025-11-29 11:15:41 -   ↓ 下载 base: geosite-category-social-media-cn.json
[32m[INFO][0m 2025-11-29 11:15:41 -   ↓ 下载 base: geosite-category-dev-cn.json
[32m[INFO][0m 2025-11-29 11:15:41 -   ↓ 下载 base: geosite-doubao.json
[32m[INFO][0m 2025-11-29 11:15:41 -   ↓ 下载 base: geosite-category-entertainment-cn.json
[32m[INFO][0m 2025-11-29 11:15:41 -   ↓ 下载 base: geosite-category-social-media-!cn.json
[32m[INFO][0m 2025-11-29 11:15:41 -   ↓ 下载 exclude: geosite-category-games-cn@!cn.json
[32m[INFO][0m 2025-11-29 11:15:41 -   ↓ 下载 exclude: geosite-category-game-platforms-download@cn.json
[32m[INFO][0m 2025-11-29 11:15:41 -   ↓ 下载 exclude: geosite-category-games-!cn@cn.json
[32m[INFO][0m 2025-11-29 11:15:41 -   ✓ 使用本地 exclude: geosite-doubao@!cn.json
[32m[INFO][0m 2025-11-29 11:15:41 -   ↓ 下载 exclude: geosite-jetbrains@cn.json
[32m[INFO][0m 2025-11-29 11:15:41 -   ↓ 下载 exclude: geosite-category-social-media-cn@!cn.json
[32m[INFO][0m 2025-11-29 11:15:41 -   ↓ 下载 exclude: geosite-category-bank-cn@!cn.json
[32m[INFO][0m 2025-11-29 11:15:41 -   ↓ 下载 exclude: geosite-epicgames@cn.json
[32m[INFO][0m 2025-11-29 11:15:41 -   ↓ 下载 exclude: geosite-category-entertainment-cn@!cn.json
[32m[INFO][0m 2025-11-29 11:15:41 -   ✓ 使用本地 exclude: geosite-category-ai-cn@!cn.json
[32m[INFO][0m 2025-11-29 11:15:41 -   ↓ 下载 exclude: geosite-category-dev-cn@!cn.json
[32m[INFO][0m 2025-11-29 11:15:41 - ✅ 子集生成成功: doubao@cn.json
[32m[INFO][0m 2025-11-29 11:15:41 -   ↓ 下载 exclude: geosite-category-social-media-!cn@cn.json
[32m[INFO][0m 2025-11-29 11:15:41 - ✅ 子集生成成功: geosite-category-ai-cn@cn.json
[32m[INFO][0m 2025-11-29 11:15:41 - ✅ 子集生成成功: geosite-category-games-cn@cn2.json
[32m[INFO][0m 2025-11-29 11:15:41 - ✅ 子集生成成功: game-platforms-download@!cn.json
[32m[INFO][0m 2025-11-29 11:15:41 - ✅ 子集生成成功: geosite-epicgames@!cn.json
[32m[INFO][0m 2025-11-29 11:15:41 - ✅ 子集生成成功: geosite-category-bank-cn@cn.json
[32m[INFO][0m 2025-11-29 11:15:41 - ✅ 子集生成成功: geosite-category-games-!cn@!cn.json
[32m[INFO][0m 2025-11-29 11:15:41 - ✅ 子集生成成功: jetbrains@!cn.json
[32m[INFO][0m 2025-11-29 11:15:41 - ✅ 子集生成成功: geosite-category-entertainment-cn@cn2.json
[32m[INFO][0m 2025-11-29 11:15:41 - ✅ 子集生成成功: geosite-category-social-media-cn@cn.json
[32m[INFO][0m 2025-11-29 11:15:41 - ✅ 子集生成成功: geosite-category-dev-cn@cn2.json
[32m[INFO][0m 2025-11-29 11:15:41 - ✅ 子集生成成功: geosite-category-social-media-!cn@!cn.json
[32m[INFO][0m 2025-11-29 11:15:41 - ✅ === 第1步完成: 子集预处理 ===
[32m[INFO][0m 2025-11-29 11:15:41 - 
[32m[INFO][0m 2025-11-29 11:15:41 - 🐍 === 第2步: Python 预规范化 ===
[INFO] === Python 步骤1: 合并前规范化 ===
[INFO] 处理: 20251128T180047568863-ai-cn.json
[INFO] 处理: 20251125T052022356830-games-noncn.json
[INFO] 处理: 20251128T180045373154-games-cn.json
[INFO] 处理: network-cn.json
[INFO] 处理: games-cn.json
[INFO] 处理: 20251125T052148827408-private.json
[INFO] 处理: 20251125T162858391902-network-noncn.json
[INFO] 处理: hkmotw.json
[INFO] 处理: media.json
[INFO] 处理: 20251125T162736087254-media.json
[INFO] 处理: ai-cn.json
[INFO] 处理: 20251125T162735176629-games-noncn.json
[INFO] 处理: 20251125T052146961181-network-noncn.json
[INFO] 处理: 20251128T181211942398-network-cn.json
[INFO] 处理: private.json
[INFO] 处理: ai-noncn.json
[INFO] 处理: 20251128T180046847969-games-noncn.json
[INFO] 处理: 20251125T162735419117-ai-cn.json
[INFO] 处理: 20251125T052147504866-cdn.json
[INFO] 处理: cdn.json
[INFO] 处理: 20251128T181404749238-hkmotw.json
[INFO] 处理: 20251125T162734801563-games-cn.json
[INFO] 处理: games-noncn.json
[INFO] 处理: 20251125T162846756534-network-cn.json
[INFO] 处理: 20251125T162735897575-ai-noncn.json
[INFO] 处理: 20251125T162734358777-ads.json
[INFO] 处理: network-noncn.json
[INFO] 处理: 20251128T180044274114-ads.json
[INFO] 处理: 20251125T052148455533-hkmotw.json
[INFO] 处理: 20251125T162859215071-cdn.json
[INFO] 处理: 20251125T052023236857-ai-noncn.json
[INFO] 处理: 20251128T181358921726-cdn.json
[INFO] 处理: 20251125T162859898909-hkmotw.json
[INFO] 处理: 20251125T052023530538-media.json
[INFO] 处理: 20251128T180049019219-ai-noncn.json
[INFO] 处理: 20251128T180049761403-media.json
[INFO] 处理: 20251128T181356285242-network-noncn.json
[INFO] 处理: 20251125T052135177530-network-cn.json
[INFO] 处理: ads.json
[INFO] 处理: 20251125T052021893430-games-cn.json
[INFO] 处理: 20251125T052022730576-ai-cn.json
[INFO] 处理: 20251125T052021424228-ads.json
[INFO] 处理: 20251125T162900098204-private.json
[INFO] 处理: 20251128T181405549869-private.json
[INFO] 处理: geosite-category-dev-cn@cn2.json
[INFO] 处理: geosite-category-social-media-!cn@!cn.json
[INFO] 处理: geoip-noncn.json
[INFO] 处理: game-platforms-download@!cn.json
[INFO] 处理: geosite-category-games-!cn@!cn.json
[INFO] 处理: geosite-category-bank-cn@cn.json
[INFO] 处理: geosite-category-ai-cn@cn.json
[INFO] 处理: geosite-category-games-cn@cn2.json
[INFO] 处理: geosite-category-entertainment-cn@cn2.json
[INFO] 处理: doubao@cn.json
[INFO] 处理: jetbrains@!cn.json
[INFO] 处理: geosite-epicgames@!cn.json
[INFO] 处理: geoip-private-manual.json
[INFO] 处理: geosite-category-social-media-cn@cn.json
[SUCCESS] Python 处理完成
[32m[INFO][0m 2025-11-29 11:16:00 - ✅ === 第2步完成 ===
[32m[INFO][0m 2025-11-29 11:16:00 - 
[32m[INFO][0m 2025-11-29 11:16:00 - 🌐 === 第2.5步: 生成非CN IP集合 (Pre-computation) ===
[32m[INFO][0m 2025-11-29 11:16:00 - 📥 下载 geoip-cn.json...
[32m[INFO][0m 2025-11-29 11:16:00 - 🔄 计算差集: (HKMoTw + CDN) - CN ...
[INFO] === Python Step 3: 生成 geoip-noncn (精确差集) ===
  合并源 (HK+CDN): 25067 条
  排除源 (CN): 17675 条
  优化后源: v4=15582, v6=9284
  正在计算 IPv4 差集 (可能耗时)...
  正在计算 IPv6 差集...
  最终结果: 24730 条 IP/CIDR
  ✓ 已保存: geoip-noncn.json
[SUCCESS] Python 处理完成
[32m[INFO][0m 2025-11-29 11:20:44 - ✅ 非CN IP集合生成完毕
[32m[INFO][0m 2025-11-29 11:20:44 - 
[32m[INFO][0m 2025-11-29 11:20:44 - 🔗 === 第3步: 合并规则组 ===
[32m[INFO][0m 2025-11-29 11:20:44 - 🔄 开始合并组: ads
[32m[INFO][0m 2025-11-29 11:20:44 - 📊 统计: 本地文件 1 个, 远程URL 189 个
[32m[INFO][0m 2025-11-29 11:20:44 - 📁 阶段1: 处理本地文件...
[36m[进度][0m [1/1] (100%) - ads.json
[32m[INFO][0m 2025-11-29 11:20:44 - 🌐 阶段2: 并发下载远程文件...
[36m[进度][0m [1/189] (0%) - geosite-acfun-ads.json
[36m[进度][0m [1/189] (0%) - geosite-acfun-ads@ads.json
[36m[进度][0m [1/189] (0%) - geosite-acfun@ads.json
[36m[进度][0m [1/189] (0%) - geosite-adcolony-ads.json
[36m[进度][0m [1/189] (0%) - geosite-adcolony-ads@ads.json
[36m[进度][0m [1/189] (0%) - geosite-adobe@ads.json
[36m[进度][0m [1/189] (0%) - geosite-adjust-ads.json
[36m[进度][0m [1/189] (0%) - geosite-adobe-ads@ads.json
[36m[进度][0m [1/189] (0%) - geosite-adobe-ads.json
[36m[进度][0m [1/189] (0%) - geosite-adjust-ads@ads.json
[36m[进度][0m [1/189] (0%) - geosite-amazon-ads.json
[36m[进度][0m [1/189] (0%) - geosite-alibaba-ads.json
[36m[进度][0m [1/189] (0%) - geosite-alibaba@ads.json
[32m[INFO][0m 2025-11-29 11:20:44 - ⏳ 等待当前批次完成 (20 个任务)...
[36m[进度][0m [1/189] (0%) - geosite-amazon@ads.json
[36m[进度][0m [1/189] (0%) - geosite-apple-ads@ads.json
[36m[进度][0m [1/189] (0%) - geosite-apple-ads.json
[36m[进度][0m [1/189] (0%) - geosite-applovin-ads.json
[36m[进度][0m [1/189] (0%) - geosite-amazon-ads@ads.json
[36m[进度][0m [1/189] (0%) - geosite-alibaba-ads@ads.json
[36m[进度][0m [1/189] (0%) - geosite-apple@ads.json
[32m[INFO][0m 2025-11-29 11:20:44 - ✅ 已添加 version 字段: /home/runner/work/rules/rules/sing-box/temp/in-ads-3.json
[32m[INFO][0m 2025-11-29 11:20:44 - ✅ 已添加 version 字段: /home/runner/work/rules/rules/sing-box/temp/in-ads-4.json
[32m[INFO][0m 2025-11-29 11:20:44 - ✅ 已添加 version 字段: /home/runner/work/rules/rules/sing-box/temp/in-ads-2.json
[32m[INFO][0m 2025-11-29 11:20:44 - ✅ 已添加 version 字段: /home/runner/work/rules/rules/sing-box/temp/in-ads-14.json
[32m[INFO][0m 2025-11-29 11:20:44 - ✅ 已添加 version 字段: /home/runner/work/rules/rules/sing-box/temp/in-ads-18.json
[32m[INFO][0m 2025-11-29 11:20:44 - ✅ 已添加 version 字段: /home/runner/work/rules/rules/sing-box/temp/in-ads-11.json
[32m[INFO][0m 2025-11-29 11:20:44 - ✅ 已添加 version 字段: /home/runner/work/rules/rules/sing-box/temp/in-ads-5.json
[32m[INFO][0m 2025-11-29 11:20:44 - ✅ 已添加 version 字段: /home/runner/work/rules/rules/sing-box/temp/in-ads-10.json
[32m[INFO][0m 2025-11-29 11:20:45 - ✅ 已添加 version 字段: /home/runner/work/rules/rules/sing-box/temp/in-ads-15.json
[32m[INFO][0m 2025-11-29 11:20:45 - ✅ 已添加 version 字段: /home/runner/work/rules/rules/sing-box/temp/in-ads-21.json
[32m[INFO][0m 2025-11-29 11:20:45 - ✅ 已添加 version 字段: /home/runner/work/rules/rules/sing-box/temp/in-ads-20.json
[32m[INFO][0m 2025-11-29 11:20:45 - ✅ 已添加 version 字段: /home/runner/work/rules/rules/sing-box/temp/in-ads-17.json
[32m[INFO][0m 2025-11-29 11:20:45 - ✅ 已添加 version 字段: /home/runner/work/rules/rules/sing-box/temp/in-ads-12.json
[32m[INFO][0m 2025-11-29 11:20:45 - ✅ 已添加 version 字段: /home/runner/work/rules/rules/sing-box/temp/in-ads-8.json
[32m[INFO][0m 2025-11-29 11:20:45 - ✅ 已添加 version 字段: /home/runner/work/rules/rules/sing-box/temp/in-ads-9.json
[32m[INFO][0m 2025-11-29 11:20:45 - ✅ 已添加 version 字段: /home/runner/work/rules/rules/sing-box/temp/in-ads-16.json
[32m[INFO][0m 2025-11-29 11:20:45 - ✅ 已添加 version 字段: /home/runner/work/rules/rules/sing-box/temp/in-ads-7.json
[32m[INFO][0m 2025-11-29 11:20:45 - ✅ 已添加 version 字段: /home/runner/work/rules/rules/sing-box/temp/in-ads-19.json
[32m[INFO][0m 2025-11-29 11:20:45 - ✅ 已添加 version 字段: /home/runner/work/rules/rules/sing-box/temp/in-ads-6.json
[32m[INFO][0m 2025-11-29 11:20:45 - ✅ 已添加 version 字段: /home/runner/work/rules/rules/sing-box/temp/in-ads-13.json
[36m[进度][0m [1/189] (0%) - geosite-applovin-ads@ads.json
[36m[进度][0m [1/189] (0%) - geosite-atom-data-ads.json
[36m[进度][0m [1/189] (0%) - geosite-atom-data-ads@ads.json
[36m[进度][0m [1/189] (0%) - geosite-baidu-ads.json
[36m[进度][0m [1/189] (0%) - geosite-baidu-ads@ads.json
[36m[进度][0m [1/189] (0%) - geosite-bytedance-ads.json
[36m[进度][0m [1/189] (0%) - geosite-bytedance@ads.json
[36m[进度][0m [1/189] (0%) - geosite-category-ads@ads.json
[36m[进度][0m [1/189] (0%) - geosite-baidu@ads.json
[36m[进度][0m [1/189] (0%) - geosite-bytedance-ads@ads.json
[36m[进度][0m [1/189] (0%) - geosite-category-ads-all.json
[36m[进度][0m [1/189] (0%) - geosite-category-ads-ir.json
[36m[进度][0m [1/189] (0%) - geosite-category-ads.json
[36m[进度][0m [1/189] (0%) - geosite-category-communication@ads.json
[36m[进度][0m [1/189] (0%) - geosite-category-cas@ads.json
[36m[进度][0m [1/189] (0%) - geosite-category-ai-chat-!cn@ads.json
[36m[进度][0m [1/189] (0%) - geosite-category-dev@ads.json
[36m[进度][0m [1/189] (0%) - geosite-category-ai-!cn@ads.json
[36m[进度][0m [1/189] (0%) - geosite-category-companies@ads.json
[32m[INFO][0m 2025-11-29 11:20:45 - ⏳ 等待当前批次完成 (20 个任务)...
[36m[进度][0m [1/189] (0%) - geosite-category-ecommerce@ads.json
[32m[INFO][0m 2025-11-29 11:20:45 - ✅ 已添加 version 字段: /home/runner/work/rules/rules/sing-box/temp/in-ads-23.json
[32m[INFO][0m 2025-11-29 11:20:45 - ✅ 已添加 version 字段: /home/runner/work/rules/rules/sing-box/temp/in-ads-24.json
[32m[INFO][0m 2025-11-29 11:20:45 - ✅ 已添加 version 字段: /home/runner/work/rules/rules/sing-box/temp/in-ads-36.json
[32m[INFO][0m 2025-11-29 11:20:45 - ✅ 已添加 version 字段: /home/runner/work/rules/rules/sing-box/temp/in-ads-30.json
[32m[INFO][0m 2025-11-29 11:20:45 - ✅ 已添加 version 字段: /home/runner/work/rules/rules/sing-box/temp/in-ads-38.json
[32m[INFO][0m 2025-11-29 11:20:45 - ✅ 已添加 version 字段: /home/runner/work/rules/rules/sing-box/temp/in-ads-22.json
[32m[INFO][0m 2025-11-29 11:20:45 - ✅ 已添加 version 字段: /home/runner/work/rules/rules/sing-box/temp/in-ads-39.json
[32m[INFO][0m 2025-11-29 11:20:45 - ✅ 已添加 version 字段: /home/runner/work/rules/rules/sing-box/temp/in-ads-35.json
[32m[INFO][0m 2025-11-29 11:20:45 - ✅ 已添加 version 字段: /home/runner/work/rules/rules/sing-box/temp/in-ads-41.json
[32m[INFO][0m 2025-11-29 11:20:45 - ✅ 已添加 version 字段: /home/runner/work/rules/rules/sing-box/temp/in-ads-32.json
[32m[INFO][0m 2025-11-29 11:20:45 - ✅ 已添加 version 字段: /home/runner/work/rules/rules/sing-box/temp/in-ads-27.json
[32m[INFO][0m 2025-11-29 11:20:45 - ✅ 已添加 version 字段: /home/runner/work/rules/rules/sing-box/temp/in-ads-29.json
[32m[INFO][0m 2025-11-29 11:20:45 - ✅ 已添加 version 字段: /home/runner/work/rules/rules/sing-box/temp/in-ads-34.json
[32m[INFO][0m 2025-11-29 11:20:45 - ✅ 已添加 version 字段: /home/runner/work/rules/rules/sing-box/temp/in-ads-25.json
[32m[INFO][0m 2025-11-29 11:20:45 - ✅ 已添加 version 字段: /home/runner/work/rules/rules/sing-box/temp/in-ads-28.json
[32m[INFO][0m 2025-11-29 11:20:45 - ✅ 已添加 version 字段: /home/runner/work/rules/rules/sing-box/temp/in-ads-26.json
[32m[INFO][0m 2025-11-29 11:20:45 - ✅ 已添加 version 字段: /home/runner/work/rules/rules/sing-box/temp/in-ads-40.json
[32m[INFO][0m 2025-11-29 11:20:45 - ✅ 已添加 version 字段: /home/runner/work/rules/rules/sing-box/temp/in-ads-37.json
[32m[INFO][0m 2025-11-29 11:20:45 - ✅ 已添加 version 字段: /home/runner/work/rules/rules/sing-box/temp/in-ads-33.json
[32m[INFO][0m 2025-11-29 11:20:46 - ✅ 已添加 version 字段: /home/runner/work/rules/rules/sing-box/temp/in-ads-31.json
[36m[进度][0m [1/189] (0%) - geosite-category-entertainment-cn@ads.json
[36m[进度][0m [1/189] (0%) - geosite-category-entertainment@ads.json
[36m[进度][0m [1/189] (0%) - geosite-category-httpdns-cn@ads.json
[36m[进度][0m [1/189] (0%) - geosite-category-media-cn@ads.json
[36m[进度][0m [1/189] (0%) - geosite-category-porn@ads.json
[36m[进度][0m [1/189] (0%) - geosite-category-speedtest@ads.json
[36m[进度][0m [1/189] (0%) - geosite-category-social-media-cn@ads.json
[36m[进度][0m [1/189] (0%) - geosite-clearbitjs-ads.json
[36m[进度][0m [1/189] (0%) - geosite-category-social-media-!cn@ads.json
[36m[进度][0m [1/189] (0%) - geosite-dmm-ads.json
[36m[进度][0m [1/189] (0%) - geosite-dmm-ads@ads.json
[36m[进度][0m [1/189] (0%) - geosite-disney@ads.json
[36m[进度][0m [1/189] (0%) - geosite-clearbitjs-ads@ads.json
[36m[进度][0m [1/189] (0%) - geosite-dmm@ads.json
[36m[进度][0m [1/189] (0%) - geosite-duolingo@ads.json
[36m[进度][0m [1/189] (0%) - geosite-duolingo-ads@ads.json
[36m[进度][0m [1/189] (0%) - geosite-emogi-ads@ads.json
[36m[进度][0m [1/189] (0%) - geosite-facebook-ads.json
[32m[INFO][0m 2025-11-29 11:20:46 - ⏳ 等待当前批次完成 (20 个任务)...
[36m[进度][0m [1/189] (0%) - geosite-duolingo-ads.json
[36m[进度][0m [1/189] (0%) - geosite-emogi-ads.json
[32m[INFO][0m 2025-11-29 11:20:46 - ✅ 已添加 version 字段: /home/runner/work/rules/rules/sing-box/temp/in-ads-44.json
[32m[INFO][0m 2025-11-29 11:20:46 - ✅ 已添加 version 字段: /home/runner/work/rules/rules/sing-box/temp/in-ads-48.json
[32m[INFO][0m 2025-11-29 11:20:46 - ✅ 已添加 version 字段: /home/runner/work/rules/rules/sing-box/temp/in-ads-42.json
[32m[INFO][0m 2025-11-29 11:20:46 - ✅ 已添加 version 字段: /home/runner/work/rules/rules/sing-box/temp/in-ads-49.json
    详细信息: curl: (22) The requested URL returned error: 404
[31m[ERROR][0m 2025-11-29 11:20:46 - 下载失败: https://raw.githubusercontent.com/lyc8503/sing-box-rules/rule-set-geosite/geosite-clearbitjs-ads.json
    详细信息: curl: (22) The requested URL returned error: 404
[32m[INFO][0m 2025-11-29 11:20:46 - ✅ 已添加 version 字段: /home/runner/work/rules/rules/sing-box/temp/in-ads-54.json
[31m[ERROR][0m 2025-11-29 11:20:46 - 下载失败: https://raw.githubusercontent.com/lyc8503/sing-box-rules/rule-set-geosite/geosite-clearbitjs-ads@ads.json
    详细信息: curl: (22) The requested URL returned error: 404
    详细信息: curl: (22) The requested URL returned error: 404
[32m[INFO][0m 2025-11-29 11:20:46 - ✅ 已添加 version 字段: /home/runner/work/rules/rules/sing-box/temp/in-ads-58.json
[32m[INFO][0m 2025-11-29 11:20:46 - ✅ 已添加 version 字段: /home/runner/work/rules/rules/sing-box/temp/in-ads-60.json
[32m[INFO][0m 2025-11-29 11:20:46 - ✅ 已添加 version 字段: /home/runner/work/rules/rules/sing-box/temp/in-ads-59.json
[32m[INFO][0m 2025-11-29 11:20:46 - ✅ 已添加 version 字段: /home/runner/work/rules/rules/sing-box/temp/in-ads-55.json
[32m[INFO][0m 2025-11-29 11:20:46 - ✅ 已添加 version 字段: /home/runner/work/rules/rules/sing-box/temp/in-ads-53.json
[32m[INFO][0m 2025-11-29 11:20:46 - ✅ 已添加 version 字段: /home/runner/work/rules/rules/sing-box/temp/in-ads-57.json
[32m[INFO][0m 2025-11-29 11:20:46 - ✅ 已添加 version 字段: /home/runner/work/rules/rules/sing-box/temp/in-ads-61.json
[32m[INFO][0m 2025-11-29 11:20:46 - ✅ 已添加 version 字段: /home/runner/work/rules/rules/sing-box/temp/in-ads-47.json
[32m[INFO][0m 2025-11-29 11:20:46 - ✅ 已添加 version 字段: /home/runner/work/rules/rules/sing-box/temp/in-ads-45.json
[32m[INFO][0m 2025-11-29 11:20:46 - ✅ 已添加 version 字段: /home/runner/work/rules/rules/sing-box/temp/in-ads-52.json
[32m[INFO][0m 2025-11-29 11:20:46 - ✅ 已添加 version 字段: /home/runner/work/rules/rules/sing-box/temp/in-ads-43.json
[32m[INFO][0m 2025-11-29 11:20:46 - ✅ 已添加 version 字段: /home/runner/work/rules/rules/sing-box/temp/in-ads-46.json
[32m[INFO][0m 2025-11-29 11:20:46 - ✅ 已添加 version 字段: /home/runner/work/rules/rules/sing-box/temp/in-ads-56.json
[31m[ERROR][0m 2025-11-29 11:20:46 - 部分下载任务失败
[41;37m[FATAL][0m 2025-11-29 11:20:46 - ads 合并失败

📋 完整日志请查看: /home/runner/work/rules/rules/sing-box/logs/merge-20251129-111540-2550.log
最后50行日志:
[36m[进度][0m [1/189] (0%) - geosite-category-entertainment-cn@ads.json
[36m[进度][0m [1/189] (0%) - geosite-category-entertainment@ads.json
[36m[进度][0m [1/189] (0%) - geosite-category-httpdns-cn@ads.json
[36m[进度][0m [1/189] (0%) - geosite-category-media-cn@ads.json
[36m[进度][0m [1/189] (0%) - geosite-category-porn@ads.json
[36m[进度][0m [1/189] (0%) - geosite-category-speedtest@ads.json
[36m[进度][0m [1/189] (0%) - geosite-category-social-media-cn@ads.json
[36m[进度][0m [1/189] (0%) - geosite-clearbitjs-ads.json
[36m[进度][0m [1/189] (0%) - geosite-category-social-media-!cn@ads.json
[36m[进度][0m [1/189] (0%) - geosite-dmm-ads.json
[36m[进度][0m [1/189] (0%) - geosite-dmm-ads@ads.json
[36m[进度][0m [1/189] (0%) - geosite-disney@ads.json
[36m[进度][0m [1/189] (0%) - geosite-clearbitjs-ads@ads.json
[36m[进度][0m [1/189] (0%) - geosite-dmm@ads.json
[36m[进度][0m [1/189] (0%) - geosite-duolingo@ads.json
[36m[进度][0m [1/189] (0%) - geosite-duolingo-ads@ads.json
[36m[进度][0m [1/189] (0%) - geosite-emogi-ads@ads.json
[36m[进度][0m [1/189] (0%) - geosite-facebook-ads.json
[32m[INFO][0m 2025-11-29 11:20:46 - ⏳ 等待当前批次完成 (20 个任务)...
[36m[进度][0m [1/189] (0%) - geosite-duolingo-ads.json
[36m[进度][0m [1/189] (0%) - geosite-emogi-ads.json
[32m[INFO][0m 2025-11-29 11:20:46 - ✅ 已添加 version 字段: /home/runner/work/rules/rules/sing-box/temp/in-ads-44.json
[32m[INFO][0m 2025-11-29 11:20:46 - ✅ 已添加 version 字段: /home/runner/work/rules/rules/sing-box/temp/in-ads-48.json
[32m[INFO][0m 2025-11-29 11:20:46 - ✅ 已添加 version 字段: /home/runner/work/rules/rules/sing-box/temp/in-ads-42.json
[32m[INFO][0m 2025-11-29 11:20:46 - ✅ 已添加 version 字段: /home/runner/work/rules/rules/sing-box/temp/in-ads-49.json
    详细信息: curl: (22) The requested URL returned error: 404
[31m[ERROR][0m 2025-11-29 11:20:46 - 下载失败: https://raw.githubusercontent.com/lyc8503/sing-box-rules/rule-set-geosite/geosite-clearbitjs-ads.json
    详细信息: curl: (22) The requested URL returned error: 404
[32m[INFO][0m 2025-11-29 11:20:46 - ✅ 已添加 version 字段: /home/runner/work/rules/rules/sing-box/temp/in-ads-54.json
[31m[ERROR][0m 2025-11-29 11:20:46 - 下载失败: https://raw.githubusercontent.com/lyc8503/sing-box-rules/rule-set-geosite/geosite-clearbitjs-ads@ads.json
    详细信息: curl: (22) The requested URL returned error: 404
    详细信息: curl: (22) The requested URL returned error: 404
[32m[INFO][0m 2025-11-29 11:20:46 - ✅ 已添加 version 字段: /home/runner/work/rules/rules/sing-box/temp/in-ads-58.json
[32m[INFO][0m 2025-11-29 11:20:46 - ✅ 已添加 version 字段: /home/runner/work/rules/rules/sing-box/temp/in-ads-60.json
[32m[INFO][0m 2025-11-29 11:20:46 - ✅ 已添加 version 字段: /home/runner/work/rules/rules/sing-box/temp/in-ads-59.json
[32m[INFO][0m 2025-11-29 11:20:46 - ✅ 已添加 version 字段: /home/runner/work/rules/rules/sing-box/temp/in-ads-55.json
[32m[INFO][0m 2025-11-29 11:20:46 - ✅ 已添加 version 字段: /home/runner/work/rules/rules/sing-box/temp/in-ads-53.json
[32m[INFO][0m 2025-11-29 11:20:46 - ✅ 已添加 version 字段: /home/runner/work/rules/rules/sing-box/temp/in-ads-57.json
[32m[INFO][0m 2025-11-29 11:20:46 - ✅ 已添加 version 字段: /home/runner/work/rules/rules/sing-box/temp/in-ads-61.json
[32m[INFO][0m 2025-11-29 11:20:46 - ✅ 已添加 version 字段: /home/runner/work/rules/rules/sing-box/temp/in-ads-47.json
[32m[INFO][0m 2025-11-29 11:20:46 - ✅ 已添加 version 字段: /home/runner/work/rules/rules/sing-box/temp/in-ads-45.json
[32m[INFO][0m 2025-11-29 11:20:46 - ✅ 已添加 version 字段: /home/runner/work/rules/rules/sing-box/temp/in-ads-52.json
[32m[INFO][0m 2025-11-29 11:20:46 - ✅ 已添加 version 字段: /home/runner/work/rules/rules/sing-box/temp/in-ads-43.json
[32m[INFO][0m 2025-11-29 11:20:46 - ✅ 已添加 version 字段: /home/runner/work/rules/rules/sing-box/temp/in-ads-46.json
[32m[INFO][0m 2025-11-29 11:20:46 - ✅ 已添加 version 字段: /home/runner/work/rules/rules/sing-box/temp/in-ads-56.json
[31m[ERROR][0m 2025-11-29 11:20:46 - 部分下载任务失败
[41;37m[FATAL][0m 2025-11-29 11:20:46 - ads 合并失败

📋 完整日志请查看: /home/runner/work/rules/rules/sing-box/logs/merge-20251129-111540-2550.log
最后50行日志:
