[32m[INFO][0m 2026-07-26 17:07:23 - ๐ ๆฅๅฟๆไปถ: /home/runner/work/rules/rules/sing-box/logs/merge-20260726-170723-3342.log
[32m[INFO][0m 2026-07-26 17:07:23 - ๐ฅ๏ธ  ็ณป็ปไฟกๆฏ: Linux runnervmvrwv9 6.17.0-1020-azure #20~24.04.1-Ubuntu SMP Fri Jun 19 20:09:14 UTC 2026 x86_64 x86_64 x86_64 GNU/Linux
[32m[INFO][0m 2026-07-26 17:07:23 - ๐ Bash ็ๆฌ: 5.2.21(1)-release
[32m[INFO][0m 2026-07-26 17:07:23 - ==========================================
[32m[INFO][0m 2026-07-26 17:07:23 - ๐ Sing-box ่งๅ้ๅๅนถ่ๆฌ v2.3.0
[32m[INFO][0m 2026-07-26 17:07:23 - ==========================================
[32m[INFO][0m 2026-07-26 17:07:23 - ๅผๅงๆถ้ด: 2026-07-26 17:07:23
[32m[INFO][0m 2026-07-26 17:07:23 - 
[32m[INFO][0m 2026-07-26 17:07:23 - ๐ง === ็ฌฌ0ๆญฅ: ๅๅงๅ็ฏๅข ===
[32m[INFO][0m 2026-07-26 17:07:23 - โ ็ฃ็็ฉบ้ดๆฃๆฅ้่ฟ: 88941MB ๅฏ็จ
[32m[INFO][0m 2026-07-26 17:07:23 - โ ๆฃๆตๅฐ flock,ๅฏ็จๆไปถ้ไฟๆค
[32m[INFO][0m 2026-07-26 17:07:23 - โ ไฝฟ็จ curl ไธ่ฝฝ
[32m[INFO][0m 2026-07-26 17:07:23 - ๐ ๆฃๆฅไพ่ต...
[32m[INFO][0m 2026-07-26 17:07:23 -   โ sing-box: sing-box version 1.12.12
[32m[INFO][0m 2026-07-26 17:07:23 -   โ jq: jq-1.7
[32m[INFO][0m 2026-07-26 17:07:23 -   โ python3: Python 3.12.13
[32m[INFO][0m 2026-07-26 17:07:23 - โ ๆๆไพ่ตๆปก่ถณ
[32m[INFO][0m 2026-07-26 17:07:23 - โ ็ฎๅฝ็ปๆๅทฒๅๅปบ
[32m[INFO][0m 2026-07-26 17:07:23 - ๐ ็ๆ Python ๅค็่ๆฌ...
[32m[INFO][0m 2026-07-26 17:07:23 - โ Python ่ๆฌๅทฒ็ๆ
[32m[INFO][0m 2026-07-26 17:07:23 - ๐ ๅๅงๅ URL ้็ฝฎ...
[32m[INFO][0m 2026-07-26 17:07:23 - โ URL ้็ฝฎๅฎๆ
[32m[INFO][0m 2026-07-26 17:07:23 - ๐ ๏ธ  === ๅค็ SRS ๆบ (ไธ่ฝฝ -> ๅ็ผ่ฏ -> ๆณจๅฅ) ===
[32m[INFO][0m 2026-07-26 17:07:23 - 
[32m[INFO][0m 2026-07-26 17:07:23 - โโโโโโโโโโโโโโโโโโโโโโโโโโโโโโโโโโ
[32m[INFO][0m 2026-07-26 17:07:23 -   โญ๏ธ  ่ทณ่ฟ Group: ads (ๆช้็ฝฎ SRS ๆบ)
[32m[INFO][0m 2026-07-26 17:07:23 - 
[32m[INFO][0m 2026-07-26 17:07:23 - โโโโโโโโโโโโโโโโโโโโโโโโโโโโโโโโโโ
[32m[INFO][0m 2026-07-26 17:07:23 -   โญ๏ธ  ่ทณ่ฟ Group: games_cn (ๆช้็ฝฎ SRS ๆบ)
[32m[INFO][0m 2026-07-26 17:07:23 - 
[32m[INFO][0m 2026-07-26 17:07:23 - โโโโโโโโโโโโโโโโโโโโโโโโโโโโโโโโโโ
[32m[INFO][0m 2026-07-26 17:07:23 -   โญ๏ธ  ่ทณ่ฟ Group: games_noncn (ๆช้็ฝฎ SRS ๆบ)
[32m[INFO][0m 2026-07-26 17:07:23 - 
[32m[INFO][0m 2026-07-26 17:07:23 - โโโโโโโโโโโโโโโโโโโโโโโโโโโโโโโโโโ
[32m[INFO][0m 2026-07-26 17:07:23 -   โญ๏ธ  ่ทณ่ฟ Group: ai_cn (ๆช้็ฝฎ SRS ๆบ)
[32m[INFO][0m 2026-07-26 17:07:23 - 
[32m[INFO][0m 2026-07-26 17:07:23 - โโโโโโโโโโโโโโโโโโโโโโโโโโโโโโโโโโ
[32m[INFO][0m 2026-07-26 17:07:23 -   โญ๏ธ  ่ทณ่ฟ Group: ai_noncn (ๆช้็ฝฎ SRS ๆบ)
[32m[INFO][0m 2026-07-26 17:07:23 - 
[32m[INFO][0m 2026-07-26 17:07:23 - โโโโโโโโโโโโโโโโโโโโโโโโโโโโโโโโโโ
[32m[INFO][0m 2026-07-26 17:07:23 -   โญ๏ธ  ่ทณ่ฟ Group: media (ๆช้็ฝฎ SRS ๆบ)
[32m[INFO][0m 2026-07-26 17:07:23 - 
[32m[INFO][0m 2026-07-26 17:07:23 - โโโโโโโโโโโโโโโโโโโโโโโโโโโโโโโโโโ
[32m[INFO][0m 2026-07-26 17:07:23 -   ๐ฆ Processing Group: network_cn (1 SRS ๆไปถ)
[32m[INFO][0m 2026-07-26 17:07:23 -     โณ ็ญๅพๆๅๆนๆฌกๅฎๆ...
[32m[INFO][0m 2026-07-26 17:07:23 -     โ [1/1] ไธ่ฝฝ: geosite-cn.srs
[32m[INFO][0m 2026-07-26 17:07:23 -     ๐จ ๅ็ผ่ฏ: srs-network_cn-geosite-cn-1785085643649009054.srs
[32m[INFO][0m 2026-07-26 17:07:24 -     โ ๅฐฑ็ปช: geosite-cn.srs
[32m[INFO][0m 2026-07-26 17:07:24 -   โ ็ป network_cn ๅฎๆ: ๆๅ 1/1
[32m[INFO][0m 2026-07-26 17:07:24 - ๐งน ๆง่กๆปๆธ็...
[32m[INFO][0m 2026-07-26 17:07:24 - ๐งน ๆธ็ 2 ไธชไธดๆถๆไปถ...
[32m[INFO][0m 2026-07-26 17:07:24 - ๐งน ๆธ็ไธดๆถ็ฎๅฝ: /home/runner/work/rules/rules/sing-box/temp
