[32m[INFO][0m 2026-03-13 16:48:49 - 📋 日志文件: /home/runner/work/rules/rules/sing-box/logs/merge-20260313-164849-3276.log
[32m[INFO][0m 2026-03-13 16:48:49 - 🖥️  系统信息: Linux runnervm0kj6c 6.14.0-1017-azure #17~24.04.1-Ubuntu SMP Mon Dec  1 20:10:50 UTC 2025 x86_64 x86_64 x86_64 GNU/Linux
[32m[INFO][0m 2026-03-13 16:48:49 - 🐚 Bash 版本: 5.2.21(1)-release
[32m[INFO][0m 2026-03-13 16:48:49 - ==========================================
[32m[INFO][0m 2026-03-13 16:48:49 - 🚀 Sing-box 规则集合并脚本 v2.3.0
[32m[INFO][0m 2026-03-13 16:48:49 - ==========================================
[32m[INFO][0m 2026-03-13 16:48:49 - 开始时间: 2026-03-13 16:48:49
[32m[INFO][0m 2026-03-13 16:48:49 - 
[32m[INFO][0m 2026-03-13 16:48:49 - 🔧 === 第0步: 初始化环境 ===
[32m[INFO][0m 2026-03-13 16:48:49 - ✅ 磁盘空间检查通过: 92980MB 可用
[32m[INFO][0m 2026-03-13 16:48:49 - ✅ 检测到 flock,启用文件锁保护
[32m[INFO][0m 2026-03-13 16:48:49 - ✅ 使用 curl 下载
[32m[INFO][0m 2026-03-13 16:48:49 - 🔍 检查依赖...
[32m[INFO][0m 2026-03-13 16:48:49 -   ✓ sing-box: sing-box version 1.12.12
[32m[INFO][0m 2026-03-13 16:48:49 -   ✓ jq: jq-1.7
[32m[INFO][0m 2026-03-13 16:48:50 -   ✓ python3: Python 3.12.12
[32m[INFO][0m 2026-03-13 16:48:50 - ✅ 所有依赖满足
[32m[INFO][0m 2026-03-13 16:48:50 - ✅ 目录结构已创建
[32m[INFO][0m 2026-03-13 16:48:50 - 🐍 生成 Python 处理脚本...
[32m[INFO][0m 2026-03-13 16:48:50 - ✅ Python 脚本已生成
[32m[INFO][0m 2026-03-13 16:48:50 - 📋 初始化 URL 配置...
[32m[INFO][0m 2026-03-13 16:48:50 - ✅ URL 配置完成
[32m[INFO][0m 2026-03-13 16:48:50 - 🛠️  === 处理 SRS 源 (下载 -> 反编译 -> 注入) ===
[32m[INFO][0m 2026-03-13 16:48:50 - 
[32m[INFO][0m 2026-03-13 16:48:50 - ━━━━━━━━━━━━━━━━━━━━━━━━━━━━━━━━━━
[32m[INFO][0m 2026-03-13 16:48:50 -   ⏭️  跳过 Group: ads (未配置 SRS 源)
[32m[INFO][0m 2026-03-13 16:48:50 - 
[32m[INFO][0m 2026-03-13 16:48:50 - ━━━━━━━━━━━━━━━━━━━━━━━━━━━━━━━━━━
[32m[INFO][0m 2026-03-13 16:48:50 -   ⏭️  跳过 Group: games_cn (未配置 SRS 源)
[32m[INFO][0m 2026-03-13 16:48:50 - 
[32m[INFO][0m 2026-03-13 16:48:50 - ━━━━━━━━━━━━━━━━━━━━━━━━━━━━━━━━━━
[32m[INFO][0m 2026-03-13 16:48:50 -   ⏭️  跳过 Group: games_noncn (未配置 SRS 源)
[32m[INFO][0m 2026-03-13 16:48:50 - 
[32m[INFO][0m 2026-03-13 16:48:50 - ━━━━━━━━━━━━━━━━━━━━━━━━━━━━━━━━━━
[32m[INFO][0m 2026-03-13 16:48:50 -   ⏭️  跳过 Group: ai_cn (未配置 SRS 源)
[32m[INFO][0m 2026-03-13 16:48:50 - 
[32m[INFO][0m 2026-03-13 16:48:50 - ━━━━━━━━━━━━━━━━━━━━━━━━━━━━━━━━━━
[32m[INFO][0m 2026-03-13 16:48:50 -   ⏭️  跳过 Group: ai_noncn (未配置 SRS 源)
[32m[INFO][0m 2026-03-13 16:48:50 - 
[32m[INFO][0m 2026-03-13 16:48:50 - ━━━━━━━━━━━━━━━━━━━━━━━━━━━━━━━━━━
[32m[INFO][0m 2026-03-13 16:48:50 -   ⏭️  跳过 Group: media (未配置 SRS 源)
[32m[INFO][0m 2026-03-13 16:48:50 - 
[32m[INFO][0m 2026-03-13 16:48:50 - ━━━━━━━━━━━━━━━━━━━━━━━━━━━━━━━━━━
[32m[INFO][0m 2026-03-13 16:48:50 -   📦 Processing Group: network_cn (1 SRS 文件)
[32m[INFO][0m 2026-03-13 16:48:50 -     ⏳ 等待最后批次完成...
[32m[INFO][0m 2026-03-13 16:48:50 -     ↓ [1/1] 下载: geosite-cn.srs
[32m[INFO][0m 2026-03-13 16:48:50 -     🔨 反编译: srs-network_cn-geosite-cn-1773420530227142697.srs
[32m[INFO][0m 2026-03-13 16:48:50 -     ✅ 就绪: geosite-cn.srs
[32m[INFO][0m 2026-03-13 16:48:50 -   ✅ 组 network_cn 完成: 成功 1/1
[32m[INFO][0m 2026-03-13 16:48:50 - 🧹 执行总清理...
[32m[INFO][0m 2026-03-13 16:48:50 - 🧹 清理 2 个临时文件...
[32m[INFO][0m 2026-03-13 16:48:50 - 🧹 清理临时目录: /home/runner/work/rules/rules/sing-box/temp
