[32m[INFO][0m 2026-02-11 17:09:12 - 📋 日志文件: /home/runner/work/rules/rules/sing-box/logs/merge-20260211-170912-3253.log
[32m[INFO][0m 2026-02-11 17:09:12 - 🖥️  系统信息: Linux runnervmwffz4 6.11.0-1018-azure #18~24.04.1-Ubuntu SMP Sat Jun 28 04:46:03 UTC 2025 x86_64 x86_64 x86_64 GNU/Linux
[32m[INFO][0m 2026-02-11 17:09:12 - 🐚 Bash 版本: 5.2.21(1)-release
[32m[INFO][0m 2026-02-11 17:09:12 - ==========================================
[32m[INFO][0m 2026-02-11 17:09:12 - 🚀 Sing-box 规则集合并脚本 v2.3.0
[32m[INFO][0m 2026-02-11 17:09:12 - ==========================================
[32m[INFO][0m 2026-02-11 17:09:12 - 开始时间: 2026-02-11 17:09:12
[32m[INFO][0m 2026-02-11 17:09:12 - 
[32m[INFO][0m 2026-02-11 17:09:12 - 🔧 === 第0步: 初始化环境 ===
[32m[INFO][0m 2026-02-11 17:09:12 - ✅ 磁盘空间检查通过: 21643MB 可用
[32m[INFO][0m 2026-02-11 17:09:12 - ✅ 检测到 flock,启用文件锁保护
[32m[INFO][0m 2026-02-11 17:09:12 - ✅ 使用 curl 下载
[32m[INFO][0m 2026-02-11 17:09:12 - 🔍 检查依赖...
[32m[INFO][0m 2026-02-11 17:09:12 -   ✓ sing-box: sing-box version 1.12.12
[32m[INFO][0m 2026-02-11 17:09:12 -   ✓ jq: jq-1.7
[32m[INFO][0m 2026-02-11 17:09:12 -   ✓ python3: Python 3.12.12
[32m[INFO][0m 2026-02-11 17:09:12 - ✅ 所有依赖满足
[32m[INFO][0m 2026-02-11 17:09:12 - ✅ 目录结构已创建
[32m[INFO][0m 2026-02-11 17:09:13 - 🐍 生成 Python 处理脚本...
[32m[INFO][0m 2026-02-11 17:09:13 - ✅ Python 脚本已生成
[32m[INFO][0m 2026-02-11 17:09:13 - 📋 初始化 URL 配置...
[32m[INFO][0m 2026-02-11 17:09:13 - ✅ URL 配置完成
[32m[INFO][0m 2026-02-11 17:09:13 - 🛠️  === 处理 SRS 源 (下载 -> 反编译 -> 注入) ===
[32m[INFO][0m 2026-02-11 17:09:13 - 
[32m[INFO][0m 2026-02-11 17:09:13 - ━━━━━━━━━━━━━━━━━━━━━━━━━━━━━━━━━━
[32m[INFO][0m 2026-02-11 17:09:13 -   ⏭️  跳过 Group: ads (未配置 SRS 源)
[32m[INFO][0m 2026-02-11 17:09:13 - 
[32m[INFO][0m 2026-02-11 17:09:13 - ━━━━━━━━━━━━━━━━━━━━━━━━━━━━━━━━━━
[32m[INFO][0m 2026-02-11 17:09:13 -   ⏭️  跳过 Group: games_cn (未配置 SRS 源)
[32m[INFO][0m 2026-02-11 17:09:13 - 
[32m[INFO][0m 2026-02-11 17:09:13 - ━━━━━━━━━━━━━━━━━━━━━━━━━━━━━━━━━━
[32m[INFO][0m 2026-02-11 17:09:13 -   ⏭️  跳过 Group: games_noncn (未配置 SRS 源)
[32m[INFO][0m 2026-02-11 17:09:13 - 
[32m[INFO][0m 2026-02-11 17:09:13 - ━━━━━━━━━━━━━━━━━━━━━━━━━━━━━━━━━━
[32m[INFO][0m 2026-02-11 17:09:13 -   ⏭️  跳过 Group: ai_cn (未配置 SRS 源)
[32m[INFO][0m 2026-02-11 17:09:13 - 
[32m[INFO][0m 2026-02-11 17:09:13 - ━━━━━━━━━━━━━━━━━━━━━━━━━━━━━━━━━━
[32m[INFO][0m 2026-02-11 17:09:13 -   ⏭️  跳过 Group: ai_noncn (未配置 SRS 源)
[32m[INFO][0m 2026-02-11 17:09:13 - 
[32m[INFO][0m 2026-02-11 17:09:13 - ━━━━━━━━━━━━━━━━━━━━━━━━━━━━━━━━━━
[32m[INFO][0m 2026-02-11 17:09:13 -   ⏭️  跳过 Group: media (未配置 SRS 源)
[32m[INFO][0m 2026-02-11 17:09:13 - 
[32m[INFO][0m 2026-02-11 17:09:13 - ━━━━━━━━━━━━━━━━━━━━━━━━━━━━━━━━━━
[32m[INFO][0m 2026-02-11 17:09:13 -   📦 Processing Group: network_cn (1 SRS 文件)
[32m[INFO][0m 2026-02-11 17:09:13 -     ⏳ 等待最后批次完成...
[32m[INFO][0m 2026-02-11 17:09:13 -     ↓ [1/1] 下载: geosite-cn.srs
[32m[INFO][0m 2026-02-11 17:09:13 -     🔨 反编译: srs-network_cn-geosite-cn-1770829753048512277.srs
[32m[INFO][0m 2026-02-11 17:09:13 -     ✅ 就绪: geosite-cn.srs
[32m[INFO][0m 2026-02-11 17:09:13 -   ✅ 组 network_cn 完成: 成功 1/1
[32m[INFO][0m 2026-02-11 17:09:13 - 🧹 执行总清理...
[32m[INFO][0m 2026-02-11 17:09:13 - 🧹 清理 2 个临时文件...
[32m[INFO][0m 2026-02-11 17:09:13 - 🧹 清理临时目录: /home/runner/work/rules/rules/sing-box/temp
