[32m[INFO][0m 2026-09-16 19:27:40 - ๐ ๆฅๅฟๆไปถ: /home/runner/work/rules/rules/sing-box/logs/merge-20260916-192740-3240.log
[32m[INFO][0m 2026-09-16 19:27:40 - ๐ฅ๏ธ  ็ณป็ปไฟกๆฏ: Linux runnervmlun5p 6.17.0-1022-azure #22-Ubuntu SMP Mon Jul 27 17:24:03 UTC 2026 x86_64 x86_64 x86_64 GNU/Linux
[32m[INFO][0m 2026-09-16 19:27:40 - ๐ Bash ็ๆฌ: 5.2.21(1)-release
[32m[INFO][0m 2026-09-16 19:27:40 - ==========================================
[32m[INFO][0m 2026-09-16 19:27:40 - ๐ Sing-box ่งๅ้ๅๅนถ่ๆฌ v2.3.0
[32m[INFO][0m 2026-09-16 19:27:40 - ==========================================
[32m[INFO][0m 2026-09-16 19:27:40 - ๅผๅงๆถ้ด: 2026-09-16 19:27:40
[32m[INFO][0m 2026-09-16 19:27:40 - 
[32m[INFO][0m 2026-09-16 19:27:40 - ๐ง === ็ฌฌ0ๆญฅ: ๅๅงๅ็ฏๅข ===
[32m[INFO][0m 2026-09-16 19:27:40 - โ ็ฃ็็ฉบ้ดๆฃๆฅ้่ฟ: 86851MB ๅฏ็จ
[32m[INFO][0m 2026-09-16 19:27:40 - โ ๆฃๆตๅฐ flock,ๅฏ็จๆไปถ้ไฟๆค
[32m[INFO][0m 2026-09-16 19:27:40 - โ ไฝฟ็จ curl ไธ่ฝฝ
[32m[INFO][0m 2026-09-16 19:27:40 - ๐ ๆฃๆฅไพ่ต...
[32m[INFO][0m 2026-09-16 19:27:40 -   โ sing-box: sing-box version 1.12.12
[32m[INFO][0m 2026-09-16 19:27:40 -   โ jq: jq-1.7
[32m[INFO][0m 2026-09-16 19:27:40 -   โ python3: Python 3.12.14
[32m[INFO][0m 2026-09-16 19:27:40 - โ ๆๆไพ่ตๆปก่ถณ
[32m[INFO][0m 2026-09-16 19:27:40 - โ ็ฎๅฝ็ปๆๅทฒๅๅปบ
[32m[INFO][0m 2026-09-16 19:27:40 - ๐ ็ๆ Python ๅค็่ๆฌ...
[32m[INFO][0m 2026-09-16 19:27:40 - โ Python ่ๆฌๅทฒ็ๆ
[32m[INFO][0m 2026-09-16 19:27:40 - ๐ ๅๅงๅ URL ้็ฝฎ...
[32m[INFO][0m 2026-09-16 19:27:40 - โ URL ้็ฝฎๅฎๆ
[32m[INFO][0m 2026-09-16 19:27:40 - ๐ ๏ธ  === ๅค็ SRS ๆบ (ไธ่ฝฝ -> ๅ็ผ่ฏ -> ๆณจๅฅ) ===
[32m[INFO][0m 2026-09-16 19:27:40 - 
[32m[INFO][0m 2026-09-16 19:27:40 - โโโโโโโโโโโโโโโโโโโโโโโโโโโโโโโโโโ
[32m[INFO][0m 2026-09-16 19:27:40 -   โญ๏ธ  ่ทณ่ฟ Group: ads (ๆช้็ฝฎ SRS ๆบ)
[32m[INFO][0m 2026-09-16 19:27:40 - 
[32m[INFO][0m 2026-09-16 19:27:40 - โโโโโโโโโโโโโโโโโโโโโโโโโโโโโโโโโโ
[32m[INFO][0m 2026-09-16 19:27:40 -   โญ๏ธ  ่ทณ่ฟ Group: games_cn (ๆช้็ฝฎ SRS ๆบ)
[32m[INFO][0m 2026-09-16 19:27:40 - 
[32m[INFO][0m 2026-09-16 19:27:40 - โโโโโโโโโโโโโโโโโโโโโโโโโโโโโโโโโโ
[32m[INFO][0m 2026-09-16 19:27:40 -   โญ๏ธ  ่ทณ่ฟ Group: games_noncn (ๆช้็ฝฎ SRS ๆบ)
[32m[INFO][0m 2026-09-16 19:27:40 - 
[32m[INFO][0m 2026-09-16 19:27:40 - โโโโโโโโโโโโโโโโโโโโโโโโโโโโโโโโโโ
[32m[INFO][0m 2026-09-16 19:27:40 -   โญ๏ธ  ่ทณ่ฟ Group: ai_cn (ๆช้็ฝฎ SRS ๆบ)
[32m[INFO][0m 2026-09-16 19:27:40 - 
[32m[INFO][0m 2026-09-16 19:27:40 - โโโโโโโโโโโโโโโโโโโโโโโโโโโโโโโโโโ
[32m[INFO][0m 2026-09-16 19:27:40 -   โญ๏ธ  ่ทณ่ฟ Group: ai_noncn (ๆช้็ฝฎ SRS ๆบ)
[32m[INFO][0m 2026-09-16 19:27:40 - 
[32m[INFO][0m 2026-09-16 19:27:40 - โโโโโโโโโโโโโโโโโโโโโโโโโโโโโโโโโโ
[32m[INFO][0m 2026-09-16 19:27:40 -   โญ๏ธ  ่ทณ่ฟ Group: media (ๆช้็ฝฎ SRS ๆบ)
[32m[INFO][0m 2026-09-16 19:27:40 - 
[32m[INFO][0m 2026-09-16 19:27:40 - โโโโโโโโโโโโโโโโโโโโโโโโโโโโโโโโโโ
[32m[INFO][0m 2026-09-16 19:27:40 -   ๐ฆ Processing Group: network_cn (1 SRS ๆไปถ)
[32m[INFO][0m 2026-09-16 19:27:40 -     โณ ็ญๅพๆๅๆนๆฌกๅฎๆ...
[32m[INFO][0m 2026-09-16 19:27:40 -     โ [1/1] ไธ่ฝฝ: geosite-cn.srs
[32m[INFO][0m 2026-09-16 19:27:41 -     ๐จ ๅ็ผ่ฏ: srs-network_cn-geosite-cn-1789586860961542861.srs
[32m[INFO][0m 2026-09-16 19:27:41 -     โ ๅฐฑ็ปช: geosite-cn.srs
[32m[INFO][0m 2026-09-16 19:27:41 -   โ ็ป network_cn ๅฎๆ: ๆๅ 1/1
[32m[INFO][0m 2026-09-16 19:27:41 - ๐งน ๆง่กๆปๆธ็...
[32m[INFO][0m 2026-09-16 19:27:41 - ๐งน ๆธ็ 2 ไธชไธดๆถๆไปถ...
[32m[INFO][0m 2026-09-16 19:27:41 - ๐งน ๆธ็ไธดๆถ็ฎๅฝ: /home/runner/work/rules/rules/sing-box/temp
