[32m[INFO][0m 2026-09-09 19:10:13 - 📋 日志文件: /home/runner/work/rules/rules/sing-box/logs/merge-20260909-191013-3203.log
[32m[INFO][0m 2026-09-09 19:10:13 - 🖥️  系统信息: Linux runnervmlun5p 6.17.0-1022-azure #22-Ubuntu SMP Mon Jul 27 17:24:03 UTC 2026 x86_64 x86_64 x86_64 GNU/Linux
[32m[INFO][0m 2026-09-09 19:10:13 - 🐚 Bash 版本: 5.2.21(1)-release
[32m[INFO][0m 2026-09-09 19:10:13 - ==========================================
[32m[INFO][0m 2026-09-09 19:10:13 - 🚀 Sing-box 规则集合并脚本 v2.3.0
[32m[INFO][0m 2026-09-09 19:10:13 - ==========================================
[32m[INFO][0m 2026-09-09 19:10:13 - 开始时间: 2026-09-09 19:10:13
[32m[INFO][0m 2026-09-09 19:10:13 - 
[32m[INFO][0m 2026-09-09 19:10:13 - 🔧 === 第0步: 初始化环境 ===
[32m[INFO][0m 2026-09-09 19:10:13 - ✅ 磁盘空间检查通过: 86836MB 可用
[32m[INFO][0m 2026-09-09 19:10:13 - ✅ 检测到 flock,启用文件锁保护
[32m[INFO][0m 2026-09-09 19:10:13 - ✅ 使用 curl 下载
[32m[INFO][0m 2026-09-09 19:10:13 - 🔍 检查依赖...
[32m[INFO][0m 2026-09-09 19:10:14 -   ✓ sing-box: sing-box version 1.12.12
[32m[INFO][0m 2026-09-09 19:10:14 -   ✓ jq: jq-1.7
[32m[INFO][0m 2026-09-09 19:10:14 -   ✓ python3: Python 3.12.14
[32m[INFO][0m 2026-09-09 19:10:14 - ✅ 所有依赖满足
[32m[INFO][0m 2026-09-09 19:10:14 - ✅ 目录结构已创建
[32m[INFO][0m 2026-09-09 19:10:14 - 🐍 生成 Python 处理脚本...
[32m[INFO][0m 2026-09-09 19:10:14 - ✅ Python 脚本已生成
[32m[INFO][0m 2026-09-09 19:10:14 - 📋 初始化 URL 配置...
[32m[INFO][0m 2026-09-09 19:10:14 - ✅ URL 配置完成
[32m[INFO][0m 2026-09-09 19:10:14 - 🛠️  === 处理 SRS 源 (下载 -> 反编译 -> 注入) ===
[32m[INFO][0m 2026-09-09 19:10:14 - 
[32m[INFO][0m 2026-09-09 19:10:14 - ━━━━━━━━━━━━━━━━━━━━━━━━━━━━━━━━━━
[32m[INFO][0m 2026-09-09 19:10:14 -   ⏭️  跳过 Group: ads (未配置 SRS 源)
[32m[INFO][0m 2026-09-09 19:10:14 - 
[32m[INFO][0m 2026-09-09 19:10:14 - ━━━━━━━━━━━━━━━━━━━━━━━━━━━━━━━━━━
[32m[INFO][0m 2026-09-09 19:10:14 -   ⏭️  跳过 Group: games_cn (未配置 SRS 源)
[32m[INFO][0m 2026-09-09 19:10:14 - 
[32m[INFO][0m 2026-09-09 19:10:14 - ━━━━━━━━━━━━━━━━━━━━━━━━━━━━━━━━━━
[32m[INFO][0m 2026-09-09 19:10:14 -   ⏭️  跳过 Group: games_noncn (未配置 SRS 源)
[32m[INFO][0m 2026-09-09 19:10:14 - 
[32m[INFO][0m 2026-09-09 19:10:14 - ━━━━━━━━━━━━━━━━━━━━━━━━━━━━━━━━━━
[32m[INFO][0m 2026-09-09 19:10:14 -   ⏭️  跳过 Group: ai_cn (未配置 SRS 源)
[32m[INFO][0m 2026-09-09 19:10:14 - 
[32m[INFO][0m 2026-09-09 19:10:14 - ━━━━━━━━━━━━━━━━━━━━━━━━━━━━━━━━━━
[32m[INFO][0m 2026-09-09 19:10:14 -   ⏭️  跳过 Group: ai_noncn (未配置 SRS 源)
[32m[INFO][0m 2026-09-09 19:10:14 - 
[32m[INFO][0m 2026-09-09 19:10:14 - ━━━━━━━━━━━━━━━━━━━━━━━━━━━━━━━━━━
[32m[INFO][0m 2026-09-09 19:10:14 -   ⏭️  跳过 Group: media (未配置 SRS 源)
[32m[INFO][0m 2026-09-09 19:10:14 - 
[32m[INFO][0m 2026-09-09 19:10:14 - ━━━━━━━━━━━━━━━━━━━━━━━━━━━━━━━━━━
[32m[INFO][0m 2026-09-09 19:10:14 -   📦 Processing Group: network_cn (1 SRS 文件)
[32m[INFO][0m 2026-09-09 19:10:14 -     ⏳ 等待最后批次完成...
[32m[INFO][0m 2026-09-09 19:10:14 -     ↓ [1/1] 下载: geosite-cn.srs
[32m[INFO][0m 2026-09-09 19:10:14 -     🔨 反编译: srs-network_cn-geosite-cn-1788981014560639963.srs
[32m[INFO][0m 2026-09-09 19:10:15 -     ✅ 就绪: geosite-cn.srs
[32m[INFO][0m 2026-09-09 19:10:15 -   ✅ 组 network_cn 完成: 成功 1/1
[32m[INFO][0m 2026-09-09 19:10:15 - 🧹 执行总清理...
[32m[INFO][0m 2026-09-09 19:10:15 - 🧹 清理 2 个临时文件...
[32m[INFO][0m 2026-09-09 19:10:15 - 🧹 清理临时目录: /home/runner/work/rules/rules/sing-box/temp
