[32m[INFO][0m 2025-12-24 16:32:01 - 📋 日志文件: /home/runner/work/rules/rules/sing-box/logs/merge-20251224-163201-3093.log
[32m[INFO][0m 2025-12-24 16:32:01 - 🖥️  系统信息: Linux runnervmh13bl 6.11.0-1018-azure #18~24.04.1-Ubuntu SMP Sat Jun 28 04:46:03 UTC 2025 x86_64 x86_64 x86_64 GNU/Linux
[32m[INFO][0m 2025-12-24 16:32:01 - 🐚 Bash 版本: 5.2.21(1)-release
[32m[INFO][0m 2025-12-24 16:32:01 - ==========================================
[32m[INFO][0m 2025-12-24 16:32:01 - 🚀 Sing-box 规则集合并脚本 v2.3.0
[32m[INFO][0m 2025-12-24 16:32:01 - ==========================================
[32m[INFO][0m 2025-12-24 16:32:01 - 开始时间: 2025-12-24 16:32:01
[32m[INFO][0m 2025-12-24 16:32:01 - 
[32m[INFO][0m 2025-12-24 16:32:01 - 🔧 === 第0步: 初始化环境 ===
[32m[INFO][0m 2025-12-24 16:32:01 - ✅ 磁盘空间检查通过: 16918MB 可用
[32m[INFO][0m 2025-12-24 16:32:01 - ✅ 检测到 flock,启用文件锁保护
[32m[INFO][0m 2025-12-24 16:32:01 - ✅ 使用 curl 下载
[32m[INFO][0m 2025-12-24 16:32:01 - 🔍 检查依赖...
[32m[INFO][0m 2025-12-24 16:32:01 -   ✓ sing-box: sing-box version 1.12.12
[32m[INFO][0m 2025-12-24 16:32:01 -   ✓ jq: jq-1.7
[32m[INFO][0m 2025-12-24 16:32:02 -   ✓ python3: Python 3.12.12
[32m[INFO][0m 2025-12-24 16:32:02 - ✅ 所有依赖满足
[32m[INFO][0m 2025-12-24 16:32:02 - ✅ 目录结构已创建
[32m[INFO][0m 2025-12-24 16:32:02 - 🐍 生成 Python 处理脚本...
[32m[INFO][0m 2025-12-24 16:32:02 - ✅ Python 脚本已生成
[32m[INFO][0m 2025-12-24 16:32:02 - 📋 初始化 URL 配置...
[32m[INFO][0m 2025-12-24 16:32:02 - ✅ URL 配置完成
[32m[INFO][0m 2025-12-24 16:32:02 - 🛠️  === 处理 SRS 源 (下载 -> 反编译 -> 注入) ===
[32m[INFO][0m 2025-12-24 16:32:02 - 
[32m[INFO][0m 2025-12-24 16:32:02 - ━━━━━━━━━━━━━━━━━━━━━━━━━━━━━━━━━━
[32m[INFO][0m 2025-12-24 16:32:02 -   ⏭️  跳过 Group: ads (未配置 SRS 源)
[32m[INFO][0m 2025-12-24 16:32:02 - 
[32m[INFO][0m 2025-12-24 16:32:02 - ━━━━━━━━━━━━━━━━━━━━━━━━━━━━━━━━━━
[32m[INFO][0m 2025-12-24 16:32:02 -   ⏭️  跳过 Group: games_cn (未配置 SRS 源)
[32m[INFO][0m 2025-12-24 16:32:02 - 
[32m[INFO][0m 2025-12-24 16:32:02 - ━━━━━━━━━━━━━━━━━━━━━━━━━━━━━━━━━━
[32m[INFO][0m 2025-12-24 16:32:02 -   ⏭️  跳过 Group: games_noncn (未配置 SRS 源)
[32m[INFO][0m 2025-12-24 16:32:02 - 
[32m[INFO][0m 2025-12-24 16:32:02 - ━━━━━━━━━━━━━━━━━━━━━━━━━━━━━━━━━━
[32m[INFO][0m 2025-12-24 16:32:02 -   ⏭️  跳过 Group: ai_cn (未配置 SRS 源)
[32m[INFO][0m 2025-12-24 16:32:02 - 
[32m[INFO][0m 2025-12-24 16:32:02 - ━━━━━━━━━━━━━━━━━━━━━━━━━━━━━━━━━━
[32m[INFO][0m 2025-12-24 16:32:02 -   ⏭️  跳过 Group: ai_noncn (未配置 SRS 源)
[32m[INFO][0m 2025-12-24 16:32:02 - 
[32m[INFO][0m 2025-12-24 16:32:02 - ━━━━━━━━━━━━━━━━━━━━━━━━━━━━━━━━━━
[32m[INFO][0m 2025-12-24 16:32:02 -   ⏭️  跳过 Group: media (未配置 SRS 源)
[32m[INFO][0m 2025-12-24 16:32:02 - 
[32m[INFO][0m 2025-12-24 16:32:02 - ━━━━━━━━━━━━━━━━━━━━━━━━━━━━━━━━━━
[32m[INFO][0m 2025-12-24 16:32:02 -   📦 Processing Group: network_cn (1 SRS 文件)
[32m[INFO][0m 2025-12-24 16:32:02 -     ⏳ 等待最后批次完成...
[32m[INFO][0m 2025-12-24 16:32:02 -     ↓ [1/1] 下载: geosite-cn.srs
[32m[INFO][0m 2025-12-24 16:32:02 -     🔨 反编译: srs-network_cn-geosite-cn-1766593922176172874.srs
[32m[INFO][0m 2025-12-24 16:32:02 -     ✅ 就绪: geosite-cn.srs
[32m[INFO][0m 2025-12-24 16:32:02 -   ✅ 组 network_cn 完成: 成功 1/1
[32m[INFO][0m 2025-12-24 16:32:02 - 🧹 执行总清理...
[32m[INFO][0m 2025-12-24 16:32:02 - 🧹 清理 2 个临时文件...
[32m[INFO][0m 2025-12-24 16:32:02 - 🧹 清理临时目录: /home/runner/work/rules/rules/sing-box/temp
