[32m[INFO][0m 2026-06-02 19:44:03 - 📋 日志文件: /home/runner/work/rules/rules/sing-box/logs/merge-20260602-194403-3274.log
[32m[INFO][0m 2026-06-02 19:44:03 - 🖥️  系统信息: Linux runnervm3jyl0 6.17.0-1015-azure #15~24.04.1-Ubuntu SMP Wed May  6 22:37:49 UTC 2026 x86_64 x86_64 x86_64 GNU/Linux
[32m[INFO][0m 2026-06-02 19:44:03 - 🐚 Bash 版本: 5.2.21(1)-release
[32m[INFO][0m 2026-06-02 19:44:03 - ==========================================
[32m[INFO][0m 2026-06-02 19:44:03 - 🚀 Sing-box 规则集合并脚本 v2.3.0
[32m[INFO][0m 2026-06-02 19:44:03 - ==========================================
[32m[INFO][0m 2026-06-02 19:44:03 - 开始时间: 2026-06-02 19:44:03
[32m[INFO][0m 2026-06-02 19:44:03 - 
[32m[INFO][0m 2026-06-02 19:44:03 - 🔧 === 第0步: 初始化环境 ===
[32m[INFO][0m 2026-06-02 19:44:03 - ✅ 磁盘空间检查通过: 89978MB 可用
[32m[INFO][0m 2026-06-02 19:44:03 - ✅ 检测到 flock,启用文件锁保护
[32m[INFO][0m 2026-06-02 19:44:03 - ✅ 使用 curl 下载
[32m[INFO][0m 2026-06-02 19:44:03 - 🔍 检查依赖...
[32m[INFO][0m 2026-06-02 19:44:03 -   ✓ sing-box: sing-box version 1.12.12
[32m[INFO][0m 2026-06-02 19:44:03 -   ✓ jq: jq-1.7
[32m[INFO][0m 2026-06-02 19:44:03 -   ✓ python3: Python 3.12.13
[32m[INFO][0m 2026-06-02 19:44:03 - ✅ 所有依赖满足
[32m[INFO][0m 2026-06-02 19:44:03 - ✅ 目录结构已创建
[32m[INFO][0m 2026-06-02 19:44:03 - 🐍 生成 Python 处理脚本...
[32m[INFO][0m 2026-06-02 19:44:03 - ✅ Python 脚本已生成
[32m[INFO][0m 2026-06-02 19:44:03 - 📋 初始化 URL 配置...
[32m[INFO][0m 2026-06-02 19:44:03 - ✅ URL 配置完成
[32m[INFO][0m 2026-06-02 19:44:03 - 🛠️  === 处理 SRS 源 (下载 -> 反编译 -> 注入) ===
[32m[INFO][0m 2026-06-02 19:44:03 - 
[32m[INFO][0m 2026-06-02 19:44:03 - ━━━━━━━━━━━━━━━━━━━━━━━━━━━━━━━━━━
[32m[INFO][0m 2026-06-02 19:44:03 -   ⏭️  跳过 Group: ads (未配置 SRS 源)
[32m[INFO][0m 2026-06-02 19:44:03 - 
[32m[INFO][0m 2026-06-02 19:44:03 - ━━━━━━━━━━━━━━━━━━━━━━━━━━━━━━━━━━
[32m[INFO][0m 2026-06-02 19:44:03 -   ⏭️  跳过 Group: games_cn (未配置 SRS 源)
[32m[INFO][0m 2026-06-02 19:44:03 - 
[32m[INFO][0m 2026-06-02 19:44:03 - ━━━━━━━━━━━━━━━━━━━━━━━━━━━━━━━━━━
[32m[INFO][0m 2026-06-02 19:44:03 -   ⏭️  跳过 Group: games_noncn (未配置 SRS 源)
[32m[INFO][0m 2026-06-02 19:44:03 - 
[32m[INFO][0m 2026-06-02 19:44:03 - ━━━━━━━━━━━━━━━━━━━━━━━━━━━━━━━━━━
[32m[INFO][0m 2026-06-02 19:44:03 -   ⏭️  跳过 Group: ai_cn (未配置 SRS 源)
[32m[INFO][0m 2026-06-02 19:44:03 - 
[32m[INFO][0m 2026-06-02 19:44:03 - ━━━━━━━━━━━━━━━━━━━━━━━━━━━━━━━━━━
[32m[INFO][0m 2026-06-02 19:44:03 -   ⏭️  跳过 Group: ai_noncn (未配置 SRS 源)
[32m[INFO][0m 2026-06-02 19:44:03 - 
[32m[INFO][0m 2026-06-02 19:44:03 - ━━━━━━━━━━━━━━━━━━━━━━━━━━━━━━━━━━
[32m[INFO][0m 2026-06-02 19:44:03 -   ⏭️  跳过 Group: media (未配置 SRS 源)
[32m[INFO][0m 2026-06-02 19:44:03 - 
[32m[INFO][0m 2026-06-02 19:44:03 - ━━━━━━━━━━━━━━━━━━━━━━━━━━━━━━━━━━
[32m[INFO][0m 2026-06-02 19:44:03 -   📦 Processing Group: network_cn (1 SRS 文件)
[32m[INFO][0m 2026-06-02 19:44:03 -     ⏳ 等待最后批次完成...
[32m[INFO][0m 2026-06-02 19:44:03 -     ↓ [1/1] 下载: geosite-cn.srs
[32m[INFO][0m 2026-06-02 19:44:03 -     🔨 反编译: srs-network_cn-geosite-cn-1780429443656826282.srs
[32m[INFO][0m 2026-06-02 19:44:04 -     ✅ 就绪: geosite-cn.srs
[32m[INFO][0m 2026-06-02 19:44:04 -   ✅ 组 network_cn 完成: 成功 1/1
[32m[INFO][0m 2026-06-02 19:44:04 - 🧹 执行总清理...
[32m[INFO][0m 2026-06-02 19:44:04 - 🧹 清理 2 个临时文件...
[32m[INFO][0m 2026-06-02 19:44:04 - 🧹 清理临时目录: /home/runner/work/rules/rules/sing-box/temp
