[32m[INFO][0m 2025-12-11 06:15:33 - 📋 日志文件: /home/runner/work/rules/rules/sing-box/logs/merge-20251211-061533-2567.log
[32m[INFO][0m 2025-12-11 06:15:33 - 🖥️  系统信息: Linux runnervm6qbrg 6.11.0-1018-azure #18~24.04.1-Ubuntu SMP Sat Jun 28 04:46:03 UTC 2025 x86_64 x86_64 x86_64 GNU/Linux
[32m[INFO][0m 2025-12-11 06:15:33 - 🐚 Bash 版本: 5.2.21(1)-release
[32m[INFO][0m 2025-12-11 06:15:33 - ==========================================
[32m[INFO][0m 2025-12-11 06:15:33 - 🚀 Sing-box 规则集合并脚本 v2.3.0
[32m[INFO][0m 2025-12-11 06:15:33 - ==========================================
[32m[INFO][0m 2025-12-11 06:15:33 - 开始时间: 2025-12-11 06:15:33
[32m[INFO][0m 2025-12-11 06:15:33 - 
[32m[INFO][0m 2025-12-11 06:15:33 - 🔧 === 第0步: 初始化环境 ===
[32m[INFO][0m 2025-12-11 06:15:33 - ✅ 磁盘空间检查通过: 17658MB 可用
[32m[INFO][0m 2025-12-11 06:15:33 - ✅ 检测到 flock,启用文件锁保护
[32m[INFO][0m 2025-12-11 06:15:33 - ✅ 使用 curl 下载
[32m[INFO][0m 2025-12-11 06:15:33 - 🔍 检查依赖...
[32m[INFO][0m 2025-12-11 06:15:33 -   ✓ sing-box: sing-box version 1.12.12
[32m[INFO][0m 2025-12-11 06:15:33 -   ✓ jq: jq-1.7
[32m[INFO][0m 2025-12-11 06:15:33 -   ✓ python3: Python 3.12.12
[32m[INFO][0m 2025-12-11 06:15:33 - ✅ 所有依赖满足
[32m[INFO][0m 2025-12-11 06:15:33 - ✅ 目录结构已创建
[32m[INFO][0m 2025-12-11 06:15:33 - 🐍 生成 Python 处理脚本...
[32m[INFO][0m 2025-12-11 06:15:33 - ✅ Python 脚本已生成
[32m[INFO][0m 2025-12-11 06:15:33 - 📋 初始化 URL 配置...
[32m[INFO][0m 2025-12-11 06:15:33 - ✅ URL 配置完成
[32m[INFO][0m 2025-12-11 06:15:33 - 🛠️  === 处理 SRS 源 (下载 -> 反编译 -> 注入) ===
[32m[INFO][0m 2025-12-11 06:15:33 -   ⏭️  跳过 Group: ads (未配置 SRS 源)
[32m[INFO][0m 2025-12-11 06:15:33 -   ⏭️  跳过 Group: games_cn (未配置 SRS 源)
[32m[INFO][0m 2025-12-11 06:15:33 -   ⏭️  跳过 Group: games_noncn (未配置 SRS 源)
[32m[INFO][0m 2025-12-11 06:15:33 -   ⏭️  跳过 Group: ai_cn (未配置 SRS 源)
[32m[INFO][0m 2025-12-11 06:15:33 -   ⏭️  跳过 Group: ai_noncn (未配置 SRS 源)
[32m[INFO][0m 2025-12-11 06:15:33 -   ⏭️  跳过 Group: media (未配置 SRS 源)
[32m[INFO][0m 2025-12-11 06:15:33 -   Processing Group: network_cn (1 SRS files)
[32m[INFO][0m 2025-12-11 06:15:33 -     ↓ 下载: geosite-cn.srs
[32m[INFO][0m 2025-12-11 06:15:33 -     🔨 反编译 SRS -> JSON...
[32m[INFO][0m 2025-12-11 06:15:33 -     ✅ 已注入到 network_cn_urls
[32m[INFO][0m 2025-12-11 06:15:33 - 🧹 执行总清理...
[32m[INFO][0m 2025-12-11 06:15:33 - 🧹 清理 3 个临时文件...
[32m[INFO][0m 2025-12-11 06:15:33 - 🧹 清理临时目录: /home/runner/work/rules/rules/sing-box/temp
