[32m[INFO][0m 2026-03-09 17:00:54 - ๐ ๆฅๅฟๆไปถ: /home/runner/work/rules/rules/sing-box/logs/merge-20260309-170054-3246.log
[32m[INFO][0m 2026-03-09 17:00:54 - ๐ฅ๏ธ  ็ณป็ปไฟกๆฏ: Linux runnervm0kj6c 6.14.0-1017-azure #17~24.04.1-Ubuntu SMP Mon Dec  1 20:10:50 UTC 2025 x86_64 x86_64 x86_64 GNU/Linux
[32m[INFO][0m 2026-03-09 17:00:54 - ๐ Bash ็ๆฌ: 5.2.21(1)-release
[32m[INFO][0m 2026-03-09 17:00:54 - ==========================================
[32m[INFO][0m 2026-03-09 17:00:54 - ๐ Sing-box ่งๅ้ๅๅนถ่ๆฌ v2.3.0
[32m[INFO][0m 2026-03-09 17:00:54 - ==========================================
[32m[INFO][0m 2026-03-09 17:00:54 - ๅผๅงๆถ้ด: 2026-03-09 17:00:54
[32m[INFO][0m 2026-03-09 17:00:54 - 
[32m[INFO][0m 2026-03-09 17:00:54 - ๐ง === ็ฌฌ0ๆญฅ: ๅๅงๅ็ฏๅข ===
[32m[INFO][0m 2026-03-09 17:00:54 - โ ็ฃ็็ฉบ้ดๆฃๆฅ้่ฟ: 92982MB ๅฏ็จ
[32m[INFO][0m 2026-03-09 17:00:54 - โ ๆฃๆตๅฐ flock,ๅฏ็จๆไปถ้ไฟๆค
[32m[INFO][0m 2026-03-09 17:00:54 - โ ไฝฟ็จ curl ไธ่ฝฝ
[32m[INFO][0m 2026-03-09 17:00:54 - ๐ ๆฃๆฅไพ่ต...
[32m[INFO][0m 2026-03-09 17:00:55 -   โ sing-box: sing-box version 1.12.12
[32m[INFO][0m 2026-03-09 17:00:55 -   โ jq: jq-1.7
[32m[INFO][0m 2026-03-09 17:00:55 -   โ python3: Python 3.12.12
[32m[INFO][0m 2026-03-09 17:00:55 - โ ๆๆไพ่ตๆปก่ถณ
[32m[INFO][0m 2026-03-09 17:00:55 - โ ็ฎๅฝ็ปๆๅทฒๅๅปบ
[32m[INFO][0m 2026-03-09 17:00:55 - ๐ ็ๆ Python ๅค็่ๆฌ...
[32m[INFO][0m 2026-03-09 17:00:55 - โ Python ่ๆฌๅทฒ็ๆ
[32m[INFO][0m 2026-03-09 17:00:55 - ๐ ๅๅงๅ URL ้็ฝฎ...
[32m[INFO][0m 2026-03-09 17:00:55 - โ URL ้็ฝฎๅฎๆ
[32m[INFO][0m 2026-03-09 17:00:55 - ๐ ๏ธ  === ๅค็ SRS ๆบ (ไธ่ฝฝ -> ๅ็ผ่ฏ -> ๆณจๅฅ) ===
[32m[INFO][0m 2026-03-09 17:00:55 - 
[32m[INFO][0m 2026-03-09 17:00:55 - โโโโโโโโโโโโโโโโโโโโโโโโโโโโโโโโโโ
[32m[INFO][0m 2026-03-09 17:00:55 -   โญ๏ธ  ่ทณ่ฟ Group: ads (ๆช้็ฝฎ SRS ๆบ)
[32m[INFO][0m 2026-03-09 17:00:55 - 
[32m[INFO][0m 2026-03-09 17:00:55 - โโโโโโโโโโโโโโโโโโโโโโโโโโโโโโโโโโ
[32m[INFO][0m 2026-03-09 17:00:55 -   โญ๏ธ  ่ทณ่ฟ Group: games_cn (ๆช้็ฝฎ SRS ๆบ)
[32m[INFO][0m 2026-03-09 17:00:55 - 
[32m[INFO][0m 2026-03-09 17:00:55 - โโโโโโโโโโโโโโโโโโโโโโโโโโโโโโโโโโ
[32m[INFO][0m 2026-03-09 17:00:55 -   โญ๏ธ  ่ทณ่ฟ Group: games_noncn (ๆช้็ฝฎ SRS ๆบ)
[32m[INFO][0m 2026-03-09 17:00:55 - 
[32m[INFO][0m 2026-03-09 17:00:55 - โโโโโโโโโโโโโโโโโโโโโโโโโโโโโโโโโโ
[32m[INFO][0m 2026-03-09 17:00:55 -   โญ๏ธ  ่ทณ่ฟ Group: ai_cn (ๆช้็ฝฎ SRS ๆบ)
[32m[INFO][0m 2026-03-09 17:00:55 - 
[32m[INFO][0m 2026-03-09 17:00:55 - โโโโโโโโโโโโโโโโโโโโโโโโโโโโโโโโโโ
[32m[INFO][0m 2026-03-09 17:00:55 -   โญ๏ธ  ่ทณ่ฟ Group: ai_noncn (ๆช้็ฝฎ SRS ๆบ)
[32m[INFO][0m 2026-03-09 17:00:55 - 
[32m[INFO][0m 2026-03-09 17:00:55 - โโโโโโโโโโโโโโโโโโโโโโโโโโโโโโโโโโ
[32m[INFO][0m 2026-03-09 17:00:55 -   โญ๏ธ  ่ทณ่ฟ Group: media (ๆช้็ฝฎ SRS ๆบ)
[32m[INFO][0m 2026-03-09 17:00:55 - 
[32m[INFO][0m 2026-03-09 17:00:55 - โโโโโโโโโโโโโโโโโโโโโโโโโโโโโโโโโโ
[32m[INFO][0m 2026-03-09 17:00:55 -   ๐ฆ Processing Group: network_cn (1 SRS ๆไปถ)
[32m[INFO][0m 2026-03-09 17:00:55 -     โณ ็ญๅพๆๅๆนๆฌกๅฎๆ...
[32m[INFO][0m 2026-03-09 17:00:55 -     โ [1/1] ไธ่ฝฝ: geosite-cn.srs
[32m[INFO][0m 2026-03-09 17:00:55 -     ๐จ ๅ็ผ่ฏ: srs-network_cn-geosite-cn-1773075655353231583.srs
[32m[INFO][0m 2026-03-09 17:00:56 -     โ ๅฐฑ็ปช: geosite-cn.srs
[32m[INFO][0m 2026-03-09 17:00:56 -   โ ็ป network_cn ๅฎๆ: ๆๅ 1/1
[32m[INFO][0m 2026-03-09 17:00:56 - ๐งน ๆง่กๆปๆธ็...
[32m[INFO][0m 2026-03-09 17:00:56 - ๐งน ๆธ็ 2 ไธชไธดๆถๆไปถ...
[32m[INFO][0m 2026-03-09 17:00:56 - ๐งน ๆธ็ไธดๆถ็ฎๅฝ: /home/runner/work/rules/rules/sing-box/temp
