[32m[INFO][0m 2026-06-21 17:43:46 - 📋 日志文件: /home/runner/work/rules/rules/sing-box/logs/merge-20260621-174346-3237.log
[32m[INFO][0m 2026-06-21 17:43:46 - 🖥️  系统信息: Linux runnervm7b5n9 6.17.0-1018-azure #18~24.04.1-Ubuntu SMP Thu May 28 16:39:11 UTC 2026 x86_64 x86_64 x86_64 GNU/Linux
[32m[INFO][0m 2026-06-21 17:43:46 - 🐚 Bash 版本: 5.2.21(1)-release
[32m[INFO][0m 2026-06-21 17:43:46 - ==========================================
[32m[INFO][0m 2026-06-21 17:43:46 - 🚀 Sing-box 规则集合并脚本 v2.3.0
[32m[INFO][0m 2026-06-21 17:43:46 - ==========================================
[32m[INFO][0m 2026-06-21 17:43:46 - 开始时间: 2026-06-21 17:43:46
[32m[INFO][0m 2026-06-21 17:43:46 - 
[32m[INFO][0m 2026-06-21 17:43:46 - 🔧 === 第0步: 初始化环境 ===
[32m[INFO][0m 2026-06-21 17:43:46 - ✅ 磁盘空间检查通过: 89739MB 可用
[32m[INFO][0m 2026-06-21 17:43:46 - ✅ 检测到 flock,启用文件锁保护
[32m[INFO][0m 2026-06-21 17:43:46 - ✅ 使用 curl 下载
[32m[INFO][0m 2026-06-21 17:43:46 - 🔍 检查依赖...
[32m[INFO][0m 2026-06-21 17:43:46 -   ✓ sing-box: sing-box version 1.12.12
[32m[INFO][0m 2026-06-21 17:43:46 -   ✓ jq: jq-1.7
[32m[INFO][0m 2026-06-21 17:43:46 -   ✓ python3: Python 3.12.13
[32m[INFO][0m 2026-06-21 17:43:46 - ✅ 所有依赖满足
[32m[INFO][0m 2026-06-21 17:43:46 - ✅ 目录结构已创建
[32m[INFO][0m 2026-06-21 17:43:46 - 🐍 生成 Python 处理脚本...
[32m[INFO][0m 2026-06-21 17:43:46 - ✅ Python 脚本已生成
[32m[INFO][0m 2026-06-21 17:43:46 - 📋 初始化 URL 配置...
[32m[INFO][0m 2026-06-21 17:43:46 - ✅ URL 配置完成
[32m[INFO][0m 2026-06-21 17:43:46 - 🛠️  === 处理 SRS 源 (下载 -> 反编译 -> 注入) ===
[32m[INFO][0m 2026-06-21 17:43:46 - 
[32m[INFO][0m 2026-06-21 17:43:46 - ━━━━━━━━━━━━━━━━━━━━━━━━━━━━━━━━━━
[32m[INFO][0m 2026-06-21 17:43:46 -   ⏭️  跳过 Group: ads (未配置 SRS 源)
[32m[INFO][0m 2026-06-21 17:43:46 - 
[32m[INFO][0m 2026-06-21 17:43:46 - ━━━━━━━━━━━━━━━━━━━━━━━━━━━━━━━━━━
[32m[INFO][0m 2026-06-21 17:43:46 -   ⏭️  跳过 Group: games_cn (未配置 SRS 源)
[32m[INFO][0m 2026-06-21 17:43:46 - 
[32m[INFO][0m 2026-06-21 17:43:46 - ━━━━━━━━━━━━━━━━━━━━━━━━━━━━━━━━━━
[32m[INFO][0m 2026-06-21 17:43:46 -   ⏭️  跳过 Group: games_noncn (未配置 SRS 源)
[32m[INFO][0m 2026-06-21 17:43:46 - 
[32m[INFO][0m 2026-06-21 17:43:46 - ━━━━━━━━━━━━━━━━━━━━━━━━━━━━━━━━━━
[32m[INFO][0m 2026-06-21 17:43:46 -   ⏭️  跳过 Group: ai_cn (未配置 SRS 源)
[32m[INFO][0m 2026-06-21 17:43:46 - 
[32m[INFO][0m 2026-06-21 17:43:46 - ━━━━━━━━━━━━━━━━━━━━━━━━━━━━━━━━━━
[32m[INFO][0m 2026-06-21 17:43:46 -   ⏭️  跳过 Group: ai_noncn (未配置 SRS 源)
[32m[INFO][0m 2026-06-21 17:43:46 - 
[32m[INFO][0m 2026-06-21 17:43:46 - ━━━━━━━━━━━━━━━━━━━━━━━━━━━━━━━━━━
[32m[INFO][0m 2026-06-21 17:43:46 -   ⏭️  跳过 Group: media (未配置 SRS 源)
[32m[INFO][0m 2026-06-21 17:43:46 - 
[32m[INFO][0m 2026-06-21 17:43:46 - ━━━━━━━━━━━━━━━━━━━━━━━━━━━━━━━━━━
[32m[INFO][0m 2026-06-21 17:43:46 -   📦 Processing Group: network_cn (1 SRS 文件)
[32m[INFO][0m 2026-06-21 17:43:46 -     ⏳ 等待最后批次完成...
[32m[INFO][0m 2026-06-21 17:43:46 -     ↓ [1/1] 下载: geosite-cn.srs
[32m[INFO][0m 2026-06-21 17:43:46 -     🔨 反编译: srs-network_cn-geosite-cn-1782063826655728666.srs
[32m[INFO][0m 2026-06-21 17:43:47 -     ✅ 就绪: geosite-cn.srs
[32m[INFO][0m 2026-06-21 17:43:47 -   ✅ 组 network_cn 完成: 成功 1/1
[32m[INFO][0m 2026-06-21 17:43:47 - 🧹 执行总清理...
[32m[INFO][0m 2026-06-21 17:43:47 - 🧹 清理 2 个临时文件...
[32m[INFO][0m 2026-06-21 17:43:47 - 🧹 清理临时目录: /home/runner/work/rules/rules/sing-box/temp
