[32m[INFO][0m 2026-08-28 00:48:39 - 📋 日志文件: /home/runner/work/rules/rules/sing-box/logs/merge-20260828-004839-3235.log
[32m[INFO][0m 2026-08-28 00:48:39 - 🖥️  系统信息: Linux runnervmgx7h7 6.17.0-1022-azure #22-Ubuntu SMP Mon Jul 27 17:24:03 UTC 2026 x86_64 x86_64 x86_64 GNU/Linux
[32m[INFO][0m 2026-08-28 00:48:39 - 🐚 Bash 版本: 5.2.21(1)-release
[32m[INFO][0m 2026-08-28 00:48:39 - ==========================================
[32m[INFO][0m 2026-08-28 00:48:39 - 🚀 Sing-box 规则集合并脚本 v2.3.0
[32m[INFO][0m 2026-08-28 00:48:39 - ==========================================
[32m[INFO][0m 2026-08-28 00:48:39 - 开始时间: 2026-08-28 00:48:39
[32m[INFO][0m 2026-08-28 00:48:39 - 
[32m[INFO][0m 2026-08-28 00:48:39 - 🔧 === 第0步: 初始化环境 ===
[32m[INFO][0m 2026-08-28 00:48:39 - ✅ 磁盘空间检查通过: 87215MB 可用
[32m[INFO][0m 2026-08-28 00:48:39 - ✅ 检测到 flock,启用文件锁保护
[32m[INFO][0m 2026-08-28 00:48:39 - ✅ 使用 curl 下载
[32m[INFO][0m 2026-08-28 00:48:39 - 🔍 检查依赖...
[32m[INFO][0m 2026-08-28 00:48:39 -   ✓ sing-box: sing-box version 1.12.12
[32m[INFO][0m 2026-08-28 00:48:39 -   ✓ jq: jq-1.7
[32m[INFO][0m 2026-08-28 00:48:39 -   ✓ python3: Python 3.12.14
[32m[INFO][0m 2026-08-28 00:48:39 - ✅ 所有依赖满足
[32m[INFO][0m 2026-08-28 00:48:39 - ✅ 目录结构已创建
[32m[INFO][0m 2026-08-28 00:48:39 - 🐍 生成 Python 处理脚本...
[32m[INFO][0m 2026-08-28 00:48:39 - ✅ Python 脚本已生成
[32m[INFO][0m 2026-08-28 00:48:39 - 📋 初始化 URL 配置...
[32m[INFO][0m 2026-08-28 00:48:39 - ✅ URL 配置完成
[32m[INFO][0m 2026-08-28 00:48:39 - 🛠️  === 处理 SRS 源 (下载 -> 反编译 -> 注入) ===
[32m[INFO][0m 2026-08-28 00:48:39 - 
[32m[INFO][0m 2026-08-28 00:48:39 - ━━━━━━━━━━━━━━━━━━━━━━━━━━━━━━━━━━
[32m[INFO][0m 2026-08-28 00:48:39 -   ⏭️  跳过 Group: ads (未配置 SRS 源)
[32m[INFO][0m 2026-08-28 00:48:39 - 
[32m[INFO][0m 2026-08-28 00:48:39 - ━━━━━━━━━━━━━━━━━━━━━━━━━━━━━━━━━━
[32m[INFO][0m 2026-08-28 00:48:39 -   ⏭️  跳过 Group: games_cn (未配置 SRS 源)
[32m[INFO][0m 2026-08-28 00:48:39 - 
[32m[INFO][0m 2026-08-28 00:48:39 - ━━━━━━━━━━━━━━━━━━━━━━━━━━━━━━━━━━
[32m[INFO][0m 2026-08-28 00:48:39 -   ⏭️  跳过 Group: games_noncn (未配置 SRS 源)
[32m[INFO][0m 2026-08-28 00:48:39 - 
[32m[INFO][0m 2026-08-28 00:48:39 - ━━━━━━━━━━━━━━━━━━━━━━━━━━━━━━━━━━
[32m[INFO][0m 2026-08-28 00:48:39 -   ⏭️  跳过 Group: ai_cn (未配置 SRS 源)
[32m[INFO][0m 2026-08-28 00:48:39 - 
[32m[INFO][0m 2026-08-28 00:48:39 - ━━━━━━━━━━━━━━━━━━━━━━━━━━━━━━━━━━
[32m[INFO][0m 2026-08-28 00:48:39 -   ⏭️  跳过 Group: ai_noncn (未配置 SRS 源)
[32m[INFO][0m 2026-08-28 00:48:39 - 
[32m[INFO][0m 2026-08-28 00:48:39 - ━━━━━━━━━━━━━━━━━━━━━━━━━━━━━━━━━━
[32m[INFO][0m 2026-08-28 00:48:39 -   ⏭️  跳过 Group: media (未配置 SRS 源)
[32m[INFO][0m 2026-08-28 00:48:39 - 
[32m[INFO][0m 2026-08-28 00:48:39 - ━━━━━━━━━━━━━━━━━━━━━━━━━━━━━━━━━━
[32m[INFO][0m 2026-08-28 00:48:39 -   📦 Processing Group: network_cn (1 SRS 文件)
[32m[INFO][0m 2026-08-28 00:48:39 -     ⏳ 等待最后批次完成...
[32m[INFO][0m 2026-08-28 00:48:39 -     ↓ [1/1] 下载: geosite-cn.srs
[32m[INFO][0m 2026-08-28 00:48:40 -     🔨 反编译: srs-network_cn-geosite-cn-1787878119994273861.srs
[32m[INFO][0m 2026-08-28 00:48:40 -     ✅ 就绪: geosite-cn.srs
[32m[INFO][0m 2026-08-28 00:48:40 -   ✅ 组 network_cn 完成: 成功 1/1
[32m[INFO][0m 2026-08-28 00:48:40 - 🧹 执行总清理...
[32m[INFO][0m 2026-08-28 00:48:40 - 🧹 清理 2 个临时文件...
[32m[INFO][0m 2026-08-28 00:48:40 - 🧹 清理临时目录: /home/runner/work/rules/rules/sing-box/temp
